23:29:16 **** Incremental Build of configuration Debug for project 01_GPIO ****
make -j4 all 
Building file: E:/code/STM32F4/01_GPIO/Core/Src/main.c
Invoking: MCU GCC Compiler
E:\code\STM32F4\01_GPIO\SW4STM32\01_GPIO\Debug
arm-none-eabi-gcc -mcpu=cortex-m4 -mthumb -mfloat-abi=hard -mfpu=fpv4-sp-d16 -DUSE_HAL_DRIVER -DSTM32F411xE -I"E:/code/STM32F4/01_GPIO/Core/Inc" -I"E:/code/STM32F4/01_GPIO/Drivers/STM32F4xx_HAL_Driver/Inc" -I"E:/code/STM32F4/01_GPIO/Drivers/STM32F4xx_HAL_Driver/Inc/Legacy" -I"E:/code/STM32F4/01_GPIO/Drivers/CMSIS/Device/ST/STM32F4xx/Include" -I"E:/code/STM32F4/01_GPIO/Drivers/CMSIS/Include"  -Og -g3 -Wall -fmessage-length=0 -ffunction-sections -c -fmessage-length=0 -MMD -MP -MF"Application/User/Core/main.d" -MT"Application/User/Core/main.o" -o "Application/User/Core/main.o" "E:/code/STM32F4/01_GPIO/Core/Src/main.c"
Finished building: E:/code/STM32F4/01_GPIO/Core/Src/main.c
 
Building target: 01_GPIO.elf
Invoking: MCU GCC Linker
arm-none-eabi-gcc -mcpu=cortex-m4 -mthumb -mfloat-abi=hard -mfpu=fpv4-sp-d16 -specs=nosys.specs -specs=nano.specs -T"../STM32F411VETx_FLASH.ld" -Wl,-Map=output.map -Wl,--gc-sections -o "01_GPIO.elf" @"objects.list"   -lm
Finished building target: 01_GPIO.elf
 
make --no-print-directory post-build
Generating hex and Printing size information:
arm-none-eabi-objcopy -O ihex "01_GPIO.elf" "01_GPIO.hex"
arm-none-eabi-size "01_GPIO.elf"
   text	   data	    bss	    dec	    hex	filename
   4268	     20	   1572	   5860	   16e4	01_GPIO.elf
 
23:33:52 **** Incremental Build of configuration Debug for project 01_GPIO ****
make -j4 all 
Building file: E:/code/STM32F4/01_GPIO/Core/Src/main.c
Invoking: MCU GCC Compiler
E:\code\STM32F4\01_GPIO\SW4STM32\01_GPIO\Debug
arm-none-eabi-gcc -mcpu=cortex-m4 -mthumb -mfloat-abi=hard -mfpu=fpv4-sp-d16 -DUSE_HAL_DRIVER -DSTM32F411xE -I"E:/code/STM32F4/01_GPIO/Core/Inc" -I"E:/code/STM32F4/01_GPIO/Drivers/STM32F4xx_HAL_Driver/Inc" -I"E:/code/STM32F4/01_GPIO/Drivers/STM32F4xx_HAL_Driver/Inc/Legacy" -I"E:/code/STM32F4/01_GPIO/Drivers/CMSIS/Device/ST/STM32F4xx/Include" -I"E:/code/STM32F4/01_GPIO/Drivers/CMSIS/Include"  -Og -g3 -Wall -fmessage-length=0 -ffunction-sections -c -fmessage-length=0 -MMD -MP -MF"Application/User/Core/main.d" -MT"Application/User/Core/main.o" -o "Application/User/Core/main.o" "E:/code/STM32F4/01_GPIO/Core/Src/main.c"
Finished building: E:/code/STM32F4/01_GPIO/Core/Src/main.c
 
Building target: 01_GPIO.elf
Invoking: MCU GCC Linker
arm-none-eabi-gcc -mcpu=cortex-m4 -mthumb -mfloat-abi=hard -mfpu=fpv4-sp-d16 -specs=nosys.specs -specs=nano.specs -T"../STM32F411VETx_FLASH.ld" -Wl,-Map=output.map -Wl,--gc-sections -o "01_GPIO.elf" @"objects.list"   -lm
Finished building target: 01_GPIO.elf
 
make --no-print-directory post-build
Generating hex and Printing size information:
arm-none-eabi-objcopy -O ihex "01_GPIO.elf" "01_GPIO.hex"
arm-none-eabi-size "01_GPIO.elf"
   text	   data	    bss	    dec	    hex	filename
   4268	     20	   1572	   5860	   16e4	01_GPIO.elf
 
23:34:18 **** Incremental Build of configuration Debug for project 01_GPIO ****
make -j4 all 
Building file: E:/code/STM32F4/01_GPIO/Core/Src/main.c
Invoking: MCU GCC Compiler
E:\code\STM32F4\01_GPIO\SW4STM32\01_GPIO\Debug
arm-none-eabi-gcc -mcpu=cortex-m4 -mthumb -mfloat-abi=hard -mfpu=fpv4-sp-d16 -DUSE_HAL_DRIVER -DSTM32F411xE -I"E:/code/STM32F4/01_GPIO/Core/Inc" -I"E:/code/STM32F4/01_GPIO/Drivers/STM32F4xx_HAL_Driver/Inc" -I"E:/code/STM32F4/01_GPIO/Drivers/STM32F4xx_HAL_Driver/Inc/Legacy" -I"E:/code/STM32F4/01_GPIO/Drivers/CMSIS/Device/ST/STM32F4xx/Include" -I"E:/code/STM32F4/01_GPIO/Drivers/CMSIS/Include"  -Og -g3 -Wall -fmessage-length=0 -ffunction-sections -c -fmessage-length=0 -MMD -MP -MF"Application/User/Core/main.d" -MT"Application/User/Core/main.o" -o "Application/User/Core/main.o" "E:/code/STM32F4/01_GPIO/Core/Src/main.c"
E:/code/STM32F4/01_GPIO/Core/Src/main.c: In function 'HAL_GPIO_EXTI_Callback':
E:/code/STM32F4/01_GPIO/Core/Src/main.c:53:1: error: 'HAL_' undeclared (first use in this function); did you mean 'HAL_OK'?
 HAL_
 ^~~~
 HAL_OK
E:/code/STM32F4/01_GPIO/Core/Src/main.c:53:1: note: each undeclared identifier is reported only once for each function it appears in
E:/code/STM32F4/01_GPIO/Core/Src/main.c:54:1: error: expected ';' before '}' token
 }
 ^
Application/User/Core/subdir.mk:24: recipe for target 'Application/User/Core/main.o' failed
make: *** [Application/User/Core/main.o] Error 1
23:35:31 **** Clean-only build of configuration Debug for project 01_GPIO ****
make -j4 clean 
rm -rf *
 
23:45:04 **** Clean-only build of configuration Debug for project 01_GPIO ****
make -j4 clean 
make: *** No rule to make target 'clean'.  Stop.
23:45:28 **** Clean-only build of configuration Debug for project 01_GPIO ****
make -j4 clean 
make: *** No rule to make target 'clean'.  Stop.
23:45:39 **** Build of configuration Debug for project 01_GPIO ****
make -j4 all 
Building file: E:/code/STM32F4/01_GPIO/Drivers/STM32F4xx_HAL_Driver/Src/stm32f4xx_hal.c
Building file: E:/code/STM32F4/01_GPIO/Drivers/STM32F4xx_HAL_Driver/Src/stm32f4xx_hal_cortex.c
Building file: E:/code/STM32F4/01_GPIO/Drivers/STM32F4xx_HAL_Driver/Src/stm32f4xx_hal_dma.c
Building file: E:/code/STM32F4/01_GPIO/Drivers/STM32F4xx_HAL_Driver/Src/stm32f4xx_hal_dma_ex.c
Invoking: MCU GCC Compiler
Invoking: MCU GCC Compiler
Invoking: MCU GCC Compiler
Invoking: MCU GCC Compiler
E:\code\STM32F4\01_GPIO\SW4STM32\01_GPIO\Debug
E:\code\STM32F4\01_GPIO\SW4STM32\01_GPIO\Debug
E:\code\STM32F4\01_GPIO\SW4STM32\01_GPIO\Debug
E:\code\STM32F4\01_GPIO\SW4STM32\01_GPIO\Debug
arm-none-eabi-gcc -mcpu=cortex-m4 -mthumb -mfloat-abi=hard -mfpu=fpv4-sp-d16 -DUSE_HAL_DRIVER -DSTM32F411xE -I"E:/code/STM32F4/01_GPIO/Core/Inc" -I"E:/code/STM32F4/01_GPIO/Drivers/STM32F4xx_HAL_Driver/Inc" -I"E:/code/STM32F4/01_GPIO/Drivers/STM32F4xx_HAL_Driver/Inc/Legacy" -I"E:/code/STM32F4/01_GPIO/Drivers/CMSIS/Device/ST/STM32F4xx/Include" -I"E:/code/STM32F4/01_GPIO/Drivers/CMSIS/Include"  -Og -g3 -Wall -fmessage-length=0 -ffunction-sections -c -fmessage-length=0 -MMD -MP -MF"Drivers/STM32F4xx_HAL_Driver/stm32f4xx_hal_cortex.d" -MT"Drivers/STM32F4xx_HAL_Driver/stm32f4xx_hal_cortex.o" -o "Drivers/STM32F4xx_HAL_Driver/stm32f4xx_hal_cortex.o" "E:/code/STM32F4/01_GPIO/Drivers/STM32F4xx_HAL_Driver/Src/stm32f4xx_hal_cortex.c"
arm-none-eabi-gcc -mcpu=cortex-m4 -mthumb -mfloat-abi=hard -mfpu=fpv4-sp-d16 -DUSE_HAL_DRIVER -DSTM32F411xE -I"E:/code/STM32F4/01_GPIO/Core/Inc" -I"E:/code/STM32F4/01_GPIO/Drivers/STM32F4xx_HAL_Driver/Inc" -I"E:/code/STM32F4/01_GPIO/Drivers/STM32F4xx_HAL_Driver/Inc/Legacy" -I"E:/code/STM32F4/01_GPIO/Drivers/CMSIS/Device/ST/STM32F4xx/Include" -I"E:/code/STM32F4/01_GPIO/Drivers/CMSIS/Include"  -Og -g3 -Wall -fmessage-length=0 -ffunction-sections -c -fmessage-length=0 -MMD -MP -MF"Drivers/STM32F4xx_HAL_Driver/stm32f4xx_hal_dma_ex.d" -MT"Drivers/STM32F4xx_HAL_Driver/stm32f4xx_hal_dma_ex.o" -o "Drivers/STM32F4xx_HAL_Driver/stm32f4xx_hal_dma_ex.o" "E:/code/STM32F4/01_GPIO/Drivers/STM32F4xx_HAL_Driver/Src/stm32f4xx_hal_dma_ex.c"
arm-none-eabi-gcc -mcpu=cortex-m4 -mthumb -mfloat-abi=hard -mfpu=fpv4-sp-d16 -DUSE_HAL_DRIVER -DSTM32F411xE -I"E:/code/STM32F4/01_GPIO/Core/Inc" -I"E:/code/STM32F4/01_GPIO/Drivers/STM32F4xx_HAL_Driver/Inc" -I"E:/code/STM32F4/01_GPIO/Drivers/STM32F4xx_HAL_Driver/Inc/Legacy" -I"E:/code/STM32F4/01_GPIO/Drivers/CMSIS/Device/ST/STM32F4xx/Include" -I"E:/code/STM32F4/01_GPIO/Drivers/CMSIS/Include"  -Og -g3 -Wall -fmessage-length=0 -ffunction-sections -c -fmessage-length=0 -MMD -MP -MF"Drivers/STM32F4xx_HAL_Driver/stm32f4xx_hal_dma.d" -MT"Drivers/STM32F4xx_HAL_Driver/stm32f4xx_hal_dma.o" -o "Drivers/STM32F4xx_HAL_Driver/stm32f4xx_hal_dma.o" "E:/code/STM32F4/01_GPIO/Drivers/STM32F4xx_HAL_Driver/Src/stm32f4xx_hal_dma.c"
arm-none-eabi-gcc -mcpu=cortex-m4 -mthumb -mfloat-abi=hard -mfpu=fpv4-sp-d16 -DUSE_HAL_DRIVER -DSTM32F411xE -I"E:/code/STM32F4/01_GPIO/Core/Inc" -I"E:/code/STM32F4/01_GPIO/Drivers/STM32F4xx_HAL_Driver/Inc" -I"E:/code/STM32F4/01_GPIO/Drivers/STM32F4xx_HAL_Driver/Inc/Legacy" -I"E:/code/STM32F4/01_GPIO/Drivers/CMSIS/Device/ST/STM32F4xx/Include" -I"E:/code/STM32F4/01_GPIO/Drivers/CMSIS/Include"  -Og -g3 -Wall -fmessage-length=0 -ffunction-sections -c -fmessage-length=0 -MMD -MP -MF"Drivers/STM32F4xx_HAL_Driver/stm32f4xx_hal.d" -MT"Drivers/STM32F4xx_HAL_Driver/stm32f4xx_hal.o" -o "Drivers/STM32F4xx_HAL_Driver/stm32f4xx_hal.o" "E:/code/STM32F4/01_GPIO/Drivers/STM32F4xx_HAL_Driver/Src/stm32f4xx_hal.c"
Finished building: E:/code/STM32F4/01_GPIO/Drivers/STM32F4xx_HAL_Driver/Src/stm32f4xx_hal.c
Finished building: E:/code/STM32F4/01_GPIO/Drivers/STM32F4xx_HAL_Driver/Src/stm32f4xx_hal_dma.c
Finished building: E:/code/STM32F4/01_GPIO/Drivers/STM32F4xx_HAL_Driver/Src/stm32f4xx_hal_cortex.c
 
 
Building file: E:/code/STM32F4/01_GPIO/Drivers/STM32F4xx_HAL_Driver/Src/stm32f4xx_hal_flash.c
Building file: E:/code/STM32F4/01_GPIO/Drivers/STM32F4xx_HAL_Driver/Src/stm32f4xx_hal_exti.c
 
Finished building: E:/code/STM32F4/01_GPIO/Drivers/STM32F4xx_HAL_Driver/Src/stm32f4xx_hal_dma_ex.c
Invoking: MCU GCC Compiler
Building file: E:/code/STM32F4/01_GPIO/Drivers/STM32F4xx_HAL_Driver/Src/stm32f4xx_hal_flash_ex.c
Invoking: MCU GCC Compiler
 
Invoking: MCU GCC Compiler
E:\code\STM32F4\01_GPIO\SW4STM32\01_GPIO\Debug
E:\code\STM32F4\01_GPIO\SW4STM32\01_GPIO\Debug
arm-none-eabi-gcc -mcpu=cortex-m4 -mthumb -mfloat-abi=hard -mfpu=fpv4-sp-d16 -DUSE_HAL_DRIVER -DSTM32F411xE -I"E:/code/STM32F4/01_GPIO/Core/Inc" -I"E:/code/STM32F4/01_GPIO/Drivers/STM32F4xx_HAL_Driver/Inc" -I"E:/code/STM32F4/01_GPIO/Drivers/STM32F4xx_HAL_Driver/Inc/Legacy" -I"E:/code/STM32F4/01_GPIO/Drivers/CMSIS/Device/ST/STM32F4xx/Include" -I"E:/code/STM32F4/01_GPIO/Drivers/CMSIS/Include"  -Og -g3 -Wall -fmessage-length=0 -ffunction-sections -c -fmessage-length=0 -MMD -MP -MF"Drivers/STM32F4xx_HAL_Driver/stm32f4xx_hal_flash.d" -MT"Drivers/STM32F4xx_HAL_Driver/stm32f4xx_hal_flash.o" -o "Drivers/STM32F4xx_HAL_Driver/stm32f4xx_hal_flash.o" "E:/code/STM32F4/01_GPIO/Drivers/STM32F4xx_HAL_Driver/Src/stm32f4xx_hal_flash.c"
Building file: E:/code/STM32F4/01_GPIO/Drivers/STM32F4xx_HAL_Driver/Src/stm32f4xx_hal_flash_ramfunc.c
arm-none-eabi-gcc -mcpu=cortex-m4 -mthumb -mfloat-abi=hard -mfpu=fpv4-sp-d16 -DUSE_HAL_DRIVER -DSTM32F411xE -I"E:/code/STM32F4/01_GPIO/Core/Inc" -I"E:/code/STM32F4/01_GPIO/Drivers/STM32F4xx_HAL_Driver/Inc" -I"E:/code/STM32F4/01_GPIO/Drivers/STM32F4xx_HAL_Driver/Inc/Legacy" -I"E:/code/STM32F4/01_GPIO/Drivers/CMSIS/Device/ST/STM32F4xx/Include" -I"E:/code/STM32F4/01_GPIO/Drivers/CMSIS/Include"  -Og -g3 -Wall -fmessage-length=0 -ffunction-sections -c -fmessage-length=0 -MMD -MP -MF"Drivers/STM32F4xx_HAL_Driver/stm32f4xx_hal_exti.d" -MT"Drivers/STM32F4xx_HAL_Driver/stm32f4xx_hal_exti.o" -o "Drivers/STM32F4xx_HAL_Driver/stm32f4xx_hal_exti.o" "E:/code/STM32F4/01_GPIO/Drivers/STM32F4xx_HAL_Driver/Src/stm32f4xx_hal_exti.c"
E:\code\STM32F4\01_GPIO\SW4STM32\01_GPIO\Debug
arm-none-eabi-gcc -mcpu=cortex-m4 -mthumb -mfloat-abi=hard -mfpu=fpv4-sp-d16 -DUSE_HAL_DRIVER -DSTM32F411xE -I"E:/code/STM32F4/01_GPIO/Core/Inc" -I"E:/code/STM32F4/01_GPIO/Drivers/STM32F4xx_HAL_Driver/Inc" -I"E:/code/STM32F4/01_GPIO/Drivers/STM32F4xx_HAL_Driver/Inc/Legacy" -I"E:/code/STM32F4/01_GPIO/Drivers/CMSIS/Device/ST/STM32F4xx/Include" -I"E:/code/STM32F4/01_GPIO/Drivers/CMSIS/Include"  -Og -g3 -Wall -fmessage-length=0 -ffunction-sections -c -fmessage-length=0 -MMD -MP -MF"Drivers/STM32F4xx_HAL_Driver/stm32f4xx_hal_flash_ex.d" -MT"Drivers/STM32F4xx_HAL_Driver/stm32f4xx_hal_flash_ex.o" -o "Drivers/STM32F4xx_HAL_Driver/stm32f4xx_hal_flash_ex.o" "E:/code/STM32F4/01_GPIO/Drivers/STM32F4xx_HAL_Driver/Src/stm32f4xx_hal_flash_ex.c"
Invoking: MCU GCC Compiler
E:\code\STM32F4\01_GPIO\SW4STM32\01_GPIO\Debug
arm-none-eabi-gcc -mcpu=cortex-m4 -mthumb -mfloat-abi=hard -mfpu=fpv4-sp-d16 -DUSE_HAL_DRIVER -DSTM32F411xE -I"E:/code/STM32F4/01_GPIO/Core/Inc" -I"E:/code/STM32F4/01_GPIO/Drivers/STM32F4xx_HAL_Driver/Inc" -I"E:/code/STM32F4/01_GPIO/Drivers/STM32F4xx_HAL_Driver/Inc/Legacy" -I"E:/code/STM32F4/01_GPIO/Drivers/CMSIS/Device/ST/STM32F4xx/Include" -I"E:/code/STM32F4/01_GPIO/Drivers/CMSIS/Include"  -Og -g3 -Wall -fmessage-length=0 -ffunction-sections -c -fmessage-length=0 -MMD -MP -MF"Drivers/STM32F4xx_HAL_Driver/stm32f4xx_hal_flash_ramfunc.d" -MT"Drivers/STM32F4xx_HAL_Driver/stm32f4xx_hal_flash_ramfunc.o" -o "Drivers/STM32F4xx_HAL_Driver/stm32f4xx_hal_flash_ramfunc.o" "E:/code/STM32F4/01_GPIO/Drivers/STM32F4xx_HAL_Driver/Src/stm32f4xx_hal_flash_ramfunc.c"
Finished building: E:/code/STM32F4/01_GPIO/Drivers/STM32F4xx_HAL_Driver/Src/stm32f4xx_hal_exti.c
Finished building: E:/code/STM32F4/01_GPIO/Drivers/STM32F4xx_HAL_Driver/Src/stm32f4xx_hal_flash.c
 
 
Building file: E:/code/STM32F4/01_GPIO/Drivers/STM32F4xx_HAL_Driver/Src/stm32f4xx_hal_gpio.c
Building file: E:/code/STM32F4/01_GPIO/Drivers/STM32F4xx_HAL_Driver/Src/stm32f4xx_hal_pwr.c
Invoking: MCU GCC Compiler
Finished building: E:/code/STM32F4/01_GPIO/Drivers/STM32F4xx_HAL_Driver/Src/stm32f4xx_hal_flash_ex.c
Invoking: MCU GCC Compiler
 
E:\code\STM32F4\01_GPIO\SW4STM32\01_GPIO\Debug
arm-none-eabi-gcc -mcpu=cortex-m4 -mthumb -mfloat-abi=hard -mfpu=fpv4-sp-d16 -DUSE_HAL_DRIVER -DSTM32F411xE -I"E:/code/STM32F4/01_GPIO/Core/Inc" -I"E:/code/STM32F4/01_GPIO/Drivers/STM32F4xx_HAL_Driver/Inc" -I"E:/code/STM32F4/01_GPIO/Drivers/STM32F4xx_HAL_Driver/Inc/Legacy" -I"E:/code/STM32F4/01_GPIO/Drivers/CMSIS/Device/ST/STM32F4xx/Include" -I"E:/code/STM32F4/01_GPIO/Drivers/CMSIS/Include"  -Og -g3 -Wall -fmessage-length=0 -ffunction-sections -c -fmessage-length=0 -MMD -MP -MF"Drivers/STM32F4xx_HAL_Driver/stm32f4xx_hal_gpio.d" -MT"Drivers/STM32F4xx_HAL_Driver/stm32f4xx_hal_gpio.o" -o "Drivers/STM32F4xx_HAL_Driver/stm32f4xx_hal_gpio.o" "E:/code/STM32F4/01_GPIO/Drivers/STM32F4xx_HAL_Driver/Src/stm32f4xx_hal_gpio.c"
E:\code\STM32F4\01_GPIO\SW4STM32\01_GPIO\Debug
Building file: E:/code/STM32F4/01_GPIO/Drivers/STM32F4xx_HAL_Driver/Src/stm32f4xx_hal_pwr_ex.c
arm-none-eabi-gcc -mcpu=cortex-m4 -mthumb -mfloat-abi=hard -mfpu=fpv4-sp-d16 -DUSE_HAL_DRIVER -DSTM32F411xE -I"E:/code/STM32F4/01_GPIO/Core/Inc" -I"E:/code/STM32F4/01_GPIO/Drivers/STM32F4xx_HAL_Driver/Inc" -I"E:/code/STM32F4/01_GPIO/Drivers/STM32F4xx_HAL_Driver/Inc/Legacy" -I"E:/code/STM32F4/01_GPIO/Drivers/CMSIS/Device/ST/STM32F4xx/Include" -I"E:/code/STM32F4/01_GPIO/Drivers/CMSIS/Include"  -Og -g3 -Wall -fmessage-length=0 -ffunction-sections -c -fmessage-length=0 -MMD -MP -MF"Drivers/STM32F4xx_HAL_Driver/stm32f4xx_hal_pwr.d" -MT"Drivers/STM32F4xx_HAL_Driver/stm32f4xx_hal_pwr.o" -o "Drivers/STM32F4xx_HAL_Driver/stm32f4xx_hal_pwr.o" "E:/code/STM32F4/01_GPIO/Drivers/STM32F4xx_HAL_Driver/Src/stm32f4xx_hal_pwr.c"
Invoking: MCU GCC Compiler
E:\code\STM32F4\01_GPIO\SW4STM32\01_GPIO\Debug
arm-none-eabi-gcc -mcpu=cortex-m4 -mthumb -mfloat-abi=hard -mfpu=fpv4-sp-d16 -DUSE_HAL_DRIVER -DSTM32F411xE -I"E:/code/STM32F4/01_GPIO/Core/Inc" -I"E:/code/STM32F4/01_GPIO/Drivers/STM32F4xx_HAL_Driver/Inc" -I"E:/code/STM32F4/01_GPIO/Drivers/STM32F4xx_HAL_Driver/Inc/Legacy" -I"E:/code/STM32F4/01_GPIO/Drivers/CMSIS/Device/ST/STM32F4xx/Include" -I"E:/code/STM32F4/01_GPIO/Drivers/CMSIS/Include"  -Og -g3 -Wall -fmessage-length=0 -ffunction-sections -c -fmessage-length=0 -MMD -MP -MF"Drivers/STM32F4xx_HAL_Driver/stm32f4xx_hal_pwr_ex.d" -MT"Drivers/STM32F4xx_HAL_Driver/stm32f4xx_hal_pwr_ex.o" -o "Drivers/STM32F4xx_HAL_Driver/stm32f4xx_hal_pwr_ex.o" "E:/code/STM32F4/01_GPIO/Drivers/STM32F4xx_HAL_Driver/Src/stm32f4xx_hal_pwr_ex.c"
Finished building: E:/code/STM32F4/01_GPIO/Drivers/STM32F4xx_HAL_Driver/Src/stm32f4xx_hal_flash_ramfunc.c
 
Building file: E:/code/STM32F4/01_GPIO/Drivers/STM32F4xx_HAL_Driver/Src/stm32f4xx_hal_rcc.c
Invoking: MCU GCC Compiler
E:\code\STM32F4\01_GPIO\SW4STM32\01_GPIO\Debug
arm-none-eabi-gcc -mcpu=cortex-m4 -mthumb -mfloat-abi=hard -mfpu=fpv4-sp-d16 -DUSE_HAL_DRIVER -DSTM32F411xE -I"E:/code/STM32F4/01_GPIO/Core/Inc" -I"E:/code/STM32F4/01_GPIO/Drivers/STM32F4xx_HAL_Driver/Inc" -I"E:/code/STM32F4/01_GPIO/Drivers/STM32F4xx_HAL_Driver/Inc/Legacy" -I"E:/code/STM32F4/01_GPIO/Drivers/CMSIS/Device/ST/STM32F4xx/Include" -I"E:/code/STM32F4/01_GPIO/Drivers/CMSIS/Include"  -Og -g3 -Wall -fmessage-length=0 -ffunction-sections -c -fmessage-length=0 -MMD -MP -MF"Drivers/STM32F4xx_HAL_Driver/stm32f4xx_hal_rcc.d" -MT"Drivers/STM32F4xx_HAL_Driver/stm32f4xx_hal_rcc.o" -o "Drivers/STM32F4xx_HAL_Driver/stm32f4xx_hal_rcc.o" "E:/code/STM32F4/01_GPIO/Drivers/STM32F4xx_HAL_Driver/Src/stm32f4xx_hal_rcc.c"
Finished building: E:/code/STM32F4/01_GPIO/Drivers/STM32F4xx_HAL_Driver/Src/stm32f4xx_hal_gpio.c
Finished building: E:/code/STM32F4/01_GPIO/Drivers/STM32F4xx_HAL_Driver/Src/stm32f4xx_hal_pwr.c
 
Finished building: E:/code/STM32F4/01_GPIO/Drivers/STM32F4xx_HAL_Driver/Src/stm32f4xx_hal_pwr_ex.c
 
Building file: E:/code/STM32F4/01_GPIO/Drivers/STM32F4xx_HAL_Driver/Src/stm32f4xx_hal_rcc_ex.c
 
Invoking: MCU GCC Compiler
Building file: E:/code/STM32F4/01_GPIO/Drivers/STM32F4xx_HAL_Driver/Src/stm32f4xx_hal_tim.c
Building file: E:/code/STM32F4/01_GPIO/Drivers/STM32F4xx_HAL_Driver/Src/stm32f4xx_hal_tim_ex.c
E:\code\STM32F4\01_GPIO\SW4STM32\01_GPIO\Debug
Invoking: MCU GCC Compiler
arm-none-eabi-gcc -mcpu=cortex-m4 -mthumb -mfloat-abi=hard -mfpu=fpv4-sp-d16 -DUSE_HAL_DRIVER -DSTM32F411xE -I"E:/code/STM32F4/01_GPIO/Core/Inc" -I"E:/code/STM32F4/01_GPIO/Drivers/STM32F4xx_HAL_Driver/Inc" -I"E:/code/STM32F4/01_GPIO/Drivers/STM32F4xx_HAL_Driver/Inc/Legacy" -I"E:/code/STM32F4/01_GPIO/Drivers/CMSIS/Device/ST/STM32F4xx/Include" -I"E:/code/STM32F4/01_GPIO/Drivers/CMSIS/Include"  -Og -g3 -Wall -fmessage-length=0 -ffunction-sections -c -fmessage-length=0 -MMD -MP -MF"Drivers/STM32F4xx_HAL_Driver/stm32f4xx_hal_rcc_ex.d" -MT"Drivers/STM32F4xx_HAL_Driver/stm32f4xx_hal_rcc_ex.o" -o "Drivers/STM32F4xx_HAL_Driver/stm32f4xx_hal_rcc_ex.o" "E:/code/STM32F4/01_GPIO/Drivers/STM32F4xx_HAL_Driver/Src/stm32f4xx_hal_rcc_ex.c"
Invoking: MCU GCC Compiler
E:\code\STM32F4\01_GPIO\SW4STM32\01_GPIO\Debug
E:\code\STM32F4\01_GPIO\SW4STM32\01_GPIO\Debug
arm-none-eabi-gcc -mcpu=cortex-m4 -mthumb -mfloat-abi=hard -mfpu=fpv4-sp-d16 -DUSE_HAL_DRIVER -DSTM32F411xE -I"E:/code/STM32F4/01_GPIO/Core/Inc" -I"E:/code/STM32F4/01_GPIO/Drivers/STM32F4xx_HAL_Driver/Inc" -I"E:/code/STM32F4/01_GPIO/Drivers/STM32F4xx_HAL_Driver/Inc/Legacy" -I"E:/code/STM32F4/01_GPIO/Drivers/CMSIS/Device/ST/STM32F4xx/Include" -I"E:/code/STM32F4/01_GPIO/Drivers/CMSIS/Include"  -Og -g3 -Wall -fmessage-length=0 -ffunction-sections -c -fmessage-length=0 -MMD -MP -MF"Drivers/STM32F4xx_HAL_Driver/stm32f4xx_hal_tim.d" -MT"Drivers/STM32F4xx_HAL_Driver/stm32f4xx_hal_tim.o" -o "Drivers/STM32F4xx_HAL_Driver/stm32f4xx_hal_tim.o" "E:/code/STM32F4/01_GPIO/Drivers/STM32F4xx_HAL_Driver/Src/stm32f4xx_hal_tim.c"
arm-none-eabi-gcc -mcpu=cortex-m4 -mthumb -mfloat-abi=hard -mfpu=fpv4-sp-d16 -DUSE_HAL_DRIVER -DSTM32F411xE -I"E:/code/STM32F4/01_GPIO/Core/Inc" -I"E:/code/STM32F4/01_GPIO/Drivers/STM32F4xx_HAL_Driver/Inc" -I"E:/code/STM32F4/01_GPIO/Drivers/STM32F4xx_HAL_Driver/Inc/Legacy" -I"E:/code/STM32F4/01_GPIO/Drivers/CMSIS/Device/ST/STM32F4xx/Include" -I"E:/code/STM32F4/01_GPIO/Drivers/CMSIS/Include"  -Og -g3 -Wall -fmessage-length=0 -ffunction-sections -c -fmessage-length=0 -MMD -MP -MF"Drivers/STM32F4xx_HAL_Driver/stm32f4xx_hal_tim_ex.d" -MT"Drivers/STM32F4xx_HAL_Driver/stm32f4xx_hal_tim_ex.o" -o "Drivers/STM32F4xx_HAL_Driver/stm32f4xx_hal_tim_ex.o" "E:/code/STM32F4/01_GPIO/Drivers/STM32F4xx_HAL_Driver/Src/stm32f4xx_hal_tim_ex.c"
Finished building: E:/code/STM32F4/01_GPIO/Drivers/STM32F4xx_HAL_Driver/Src/stm32f4xx_hal_rcc.c
 
Finished building: E:/code/STM32F4/01_GPIO/Drivers/STM32F4xx_HAL_Driver/Src/stm32f4xx_hal_tim.c
Finished building: E:/code/STM32F4/01_GPIO/Drivers/STM32F4xx_HAL_Driver/Src/stm32f4xx_hal_tim_ex.c
Building file: E:/code/STM32F4/01_GPIO/Core/Src/system_stm32f4xx.c
Finished building: E:/code/STM32F4/01_GPIO/Drivers/STM32F4xx_HAL_Driver/Src/stm32f4xx_hal_rcc_ex.c
 
 
Invoking: MCU GCC Compiler
 
E:\code\STM32F4\01_GPIO\SW4STM32\01_GPIO\Debug
Building file: E:/code/STM32F4/01_GPIO/Core/Src/main.c
arm-none-eabi-gcc -mcpu=cortex-m4 -mthumb -mfloat-abi=hard -mfpu=fpv4-sp-d16 -DUSE_HAL_DRIVER -DSTM32F411xE -I"E:/code/STM32F4/01_GPIO/Core/Inc" -I"E:/code/STM32F4/01_GPIO/Drivers/STM32F4xx_HAL_Driver/Inc" -I"E:/code/STM32F4/01_GPIO/Drivers/STM32F4xx_HAL_Driver/Inc/Legacy" -I"E:/code/STM32F4/01_GPIO/Drivers/CMSIS/Device/ST/STM32F4xx/Include" -I"E:/code/STM32F4/01_GPIO/Drivers/CMSIS/Include"  -Og -g3 -Wall -fmessage-length=0 -ffunction-sections -c -fmessage-length=0 -MMD -MP -MF"Drivers/CMSIS/system_stm32f4xx.d" -MT"Drivers/CMSIS/system_stm32f4xx.o" -o "Drivers/CMSIS/system_stm32f4xx.o" "E:/code/STM32F4/01_GPIO/Core/Src/system_stm32f4xx.c"
Building file: E:/code/STM32F4/01_GPIO/Core/Src/stm32f4xx_hal_msp.c
Building file: E:/code/STM32F4/01_GPIO/Core/Src/stm32f4xx_it.c
Invoking: MCU GCC Compiler
Invoking: MCU GCC Compiler
Invoking: MCU GCC Compiler
E:\code\STM32F4\01_GPIO\SW4STM32\01_GPIO\Debug
arm-none-eabi-gcc -mcpu=cortex-m4 -mthumb -mfloat-abi=hard -mfpu=fpv4-sp-d16 -DUSE_HAL_DRIVER -DSTM32F411xE -I"E:/code/STM32F4/01_GPIO/Core/Inc" -I"E:/code/STM32F4/01_GPIO/Drivers/STM32F4xx_HAL_Driver/Inc" -I"E:/code/STM32F4/01_GPIO/Drivers/STM32F4xx_HAL_Driver/Inc/Legacy" -I"E:/code/STM32F4/01_GPIO/Drivers/CMSIS/Device/ST/STM32F4xx/Include" -I"E:/code/STM32F4/01_GPIO/Drivers/CMSIS/Include"  -Og -g3 -Wall -fmessage-length=0 -ffunction-sections -c -fmessage-length=0 -MMD -MP -MF"Application/User/Core/main.d" -MT"Application/User/Core/main.o" -o "Application/User/Core/main.o" "E:/code/STM32F4/01_GPIO/Core/Src/main.c"
E:\code\STM32F4\01_GPIO\SW4STM32\01_GPIO\Debug
E:\code\STM32F4\01_GPIO\SW4STM32\01_GPIO\Debug
arm-none-eabi-gcc -mcpu=cortex-m4 -mthumb -mfloat-abi=hard -mfpu=fpv4-sp-d16 -DUSE_HAL_DRIVER -DSTM32F411xE -I"E:/code/STM32F4/01_GPIO/Core/Inc" -I"E:/code/STM32F4/01_GPIO/Drivers/STM32F4xx_HAL_Driver/Inc" -I"E:/code/STM32F4/01_GPIO/Drivers/STM32F4xx_HAL_Driver/Inc/Legacy" -I"E:/code/STM32F4/01_GPIO/Drivers/CMSIS/Device/ST/STM32F4xx/Include" -I"E:/code/STM32F4/01_GPIO/Drivers/CMSIS/Include"  -Og -g3 -Wall -fmessage-length=0 -ffunction-sections -c -fmessage-length=0 -MMD -MP -MF"Application/User/Core/stm32f4xx_it.d" -MT"Application/User/Core/stm32f4xx_it.o" -o "Application/User/Core/stm32f4xx_it.o" "E:/code/STM32F4/01_GPIO/Core/Src/stm32f4xx_it.c"
arm-none-eabi-gcc -mcpu=cortex-m4 -mthumb -mfloat-abi=hard -mfpu=fpv4-sp-d16 -DUSE_HAL_DRIVER -DSTM32F411xE -I"E:/code/STM32F4/01_GPIO/Core/Inc" -I"E:/code/STM32F4/01_GPIO/Drivers/STM32F4xx_HAL_Driver/Inc" -I"E:/code/STM32F4/01_GPIO/Drivers/STM32F4xx_HAL_Driver/Inc/Legacy" -I"E:/code/STM32F4/01_GPIO/Drivers/CMSIS/Device/ST/STM32F4xx/Include" -I"E:/code/STM32F4/01_GPIO/Drivers/CMSIS/Include"  -Og -g3 -Wall -fmessage-length=0 -ffunction-sections -c -fmessage-length=0 -MMD -MP -MF"Application/User/Core/stm32f4xx_hal_msp.d" -MT"Application/User/Core/stm32f4xx_hal_msp.o" -o "Application/User/Core/stm32f4xx_hal_msp.o" "E:/code/STM32F4/01_GPIO/Core/Src/stm32f4xx_hal_msp.c"
Finished building: E:/code/STM32F4/01_GPIO/Core/Src/system_stm32f4xx.c
 
Finished building: E:/code/STM32F4/01_GPIO/Core/Src/stm32f4xx_it.c
Building file: E:/code/STM32F4/01_GPIO/SW4STM32/startup_stm32f411xe.s
 
Finished building: E:/code/STM32F4/01_GPIO/Core/Src/main.c
Invoking: MCU GCC Assembler
Building file: E:/code/STM32F4/01_GPIO/SW4STM32/syscalls.c
 
E:\code\STM32F4\01_GPIO\SW4STM32\01_GPIO\Debug
arm-none-eabi-as -mcpu=cortex-m4 -mthumb -mfloat-abi=hard -mfpu=fpv4-sp-d16 -g -o "Application/SW4STM32/startup_stm32f411xe.o" "E:/code/STM32F4/01_GPIO/SW4STM32/startup_stm32f411xe.s"
Invoking: MCU GCC Compiler
Finished building: E:/code/STM32F4/01_GPIO/Core/Src/stm32f4xx_hal_msp.c
E:\code\STM32F4\01_GPIO\SW4STM32\01_GPIO\Debug
 
arm-none-eabi-gcc -mcpu=cortex-m4 -mthumb -mfloat-abi=hard -mfpu=fpv4-sp-d16 -DUSE_HAL_DRIVER -DSTM32F411xE -I"E:/code/STM32F4/01_GPIO/Core/Inc" -I"E:/code/STM32F4/01_GPIO/Drivers/STM32F4xx_HAL_Driver/Inc" -I"E:/code/STM32F4/01_GPIO/Drivers/STM32F4xx_HAL_Driver/Inc/Legacy" -I"E:/code/STM32F4/01_GPIO/Drivers/CMSIS/Device/ST/STM32F4xx/Include" -I"E:/code/STM32F4/01_GPIO/Drivers/CMSIS/Include"  -Og -g3 -Wall -fmessage-length=0 -ffunction-sections -c -fmessage-length=0 -MMD -MP -MF"Application/SW4STM32/syscalls.d" -MT"Application/SW4STM32/syscalls.o" -o "Application/SW4STM32/syscalls.o" "E:/code/STM32F4/01_GPIO/SW4STM32/syscalls.c"
Finished building: E:/code/STM32F4/01_GPIO/SW4STM32/startup_stm32f411xe.s
 
Finished building: E:/code/STM32F4/01_GPIO/SW4STM32/syscalls.c
 
Building target: 01_GPIO.elf
Invoking: MCU GCC Linker
arm-none-eabi-gcc -mcpu=cortex-m4 -mthumb -mfloat-abi=hard -mfpu=fpv4-sp-d16 -specs=nosys.specs -specs=nano.specs -T"../STM32F411VETx_FLASH.ld" -Wl,-Map=output.map -Wl,--gc-sections -o "01_GPIO.elf" @"objects.list"   -lm
Finished building target: 01_GPIO.elf
 
make --no-print-directory post-build
Generating hex and Printing size information:
arm-none-eabi-objcopy -O ihex "01_GPIO.elf" "01_GPIO.hex"
arm-none-eabi-size "01_GPIO.elf"
   text	   data	    bss	    dec	    hex	filename
   4268	     20	   1572	   5860	   16e4	01_GPIO.elf
 
23:45:49 **** Clean-only build of configuration Debug for project 01_GPIO ****
make -j4 clean 
rm -rf *
 
23:55:55 **** Build of configuration Debug for project 01_GPIO ****
make -j4 all 
Building file: E:/code/STM32F4/01_GPIO/Drivers/STM32F4xx_HAL_Driver/Src/stm32f4xx_hal.c
Building file: E:/code/STM32F4/01_GPIO/Drivers/STM32F4xx_HAL_Driver/Src/stm32f4xx_hal_cortex.c
Building file: E:/code/STM32F4/01_GPIO/Drivers/STM32F4xx_HAL_Driver/Src/stm32f4xx_hal_dma.c
Building file: E:/code/STM32F4/01_GPIO/Drivers/STM32F4xx_HAL_Driver/Src/stm32f4xx_hal_dma_ex.c
Invoking: MCU GCC Compiler
Invoking: MCU GCC Compiler
Invoking: MCU GCC Compiler
Invoking: MCU GCC Compiler
E:\code\STM32F4\01_GPIO\SW4STM32\01_GPIO\Debug
E:\code\STM32F4\01_GPIO\SW4STM32\01_GPIO\Debug
E:\code\STM32F4\01_GPIO\SW4STM32\01_GPIO\Debug
arm-none-eabi-gcc -mcpu=cortex-m4 -mthumb -mfloat-abi=hard -mfpu=fpv4-sp-d16 -DUSE_HAL_DRIVER -DSTM32F411xE -I"E:/code/STM32F4/01_GPIO/Core/Inc" -I"E:/code/STM32F4/01_GPIO/Drivers/STM32F4xx_HAL_Driver/Inc" -I"E:/code/STM32F4/01_GPIO/Drivers/STM32F4xx_HAL_Driver/Inc/Legacy" -I"E:/code/STM32F4/01_GPIO/Drivers/CMSIS/Device/ST/STM32F4xx/Include" -I"E:/code/STM32F4/01_GPIO/Drivers/CMSIS/Include"  -Og -g3 -Wall -fmessage-length=0 -ffunction-sections -c -fmessage-length=0 -MMD -MP -MF"Drivers/STM32F4xx_HAL_Driver/stm32f4xx_hal_dma.d" -MT"Drivers/STM32F4xx_HAL_Driver/stm32f4xx_hal_dma.o" -o "Drivers/STM32F4xx_HAL_Driver/stm32f4xx_hal_dma.o" "E:/code/STM32F4/01_GPIO/Drivers/STM32F4xx_HAL_Driver/Src/stm32f4xx_hal_dma.c"
arm-none-eabi-gcc -mcpu=cortex-m4 -mthumb -mfloat-abi=hard -mfpu=fpv4-sp-d16 -DUSE_HAL_DRIVER -DSTM32F411xE -I"E:/code/STM32F4/01_GPIO/Core/Inc" -I"E:/code/STM32F4/01_GPIO/Drivers/STM32F4xx_HAL_Driver/Inc" -I"E:/code/STM32F4/01_GPIO/Drivers/STM32F4xx_HAL_Driver/Inc/Legacy" -I"E:/code/STM32F4/01_GPIO/Drivers/CMSIS/Device/ST/STM32F4xx/Include" -I"E:/code/STM32F4/01_GPIO/Drivers/CMSIS/Include"  -Og -g3 -Wall -fmessage-length=0 -ffunction-sections -c -fmessage-length=0 -MMD -MP -MF"Drivers/STM32F4xx_HAL_Driver/stm32f4xx_hal.d" -MT"Drivers/STM32F4xx_HAL_Driver/stm32f4xx_hal.o" -o "Drivers/STM32F4xx_HAL_Driver/stm32f4xx_hal.o" "E:/code/STM32F4/01_GPIO/Drivers/STM32F4xx_HAL_Driver/Src/stm32f4xx_hal.c"
arm-none-eabi-gcc -mcpu=cortex-m4 -mthumb -mfloat-abi=hard -mfpu=fpv4-sp-d16 -DUSE_HAL_DRIVER -DSTM32F411xE -I"E:/code/STM32F4/01_GPIO/Core/Inc" -I"E:/code/STM32F4/01_GPIO/Drivers/STM32F4xx_HAL_Driver/Inc" -I"E:/code/STM32F4/01_GPIO/Drivers/STM32F4xx_HAL_Driver/Inc/Legacy" -I"E:/code/STM32F4/01_GPIO/Drivers/CMSIS/Device/ST/STM32F4xx/Include" -I"E:/code/STM32F4/01_GPIO/Drivers/CMSIS/Include"  -Og -g3 -Wall -fmessage-length=0 -ffunction-sections -c -fmessage-length=0 -MMD -MP -MF"Drivers/STM32F4xx_HAL_Driver/stm32f4xx_hal_cortex.d" -MT"Drivers/STM32F4xx_HAL_Driver/stm32f4xx_hal_cortex.o" -o "Drivers/STM32F4xx_HAL_Driver/stm32f4xx_hal_cortex.o" "E:/code/STM32F4/01_GPIO/Drivers/STM32F4xx_HAL_Driver/Src/stm32f4xx_hal_cortex.c"
E:\code\STM32F4\01_GPIO\SW4STM32\01_GPIO\Debug
arm-none-eabi-gcc -mcpu=cortex-m4 -mthumb -mfloat-abi=hard -mfpu=fpv4-sp-d16 -DUSE_HAL_DRIVER -DSTM32F411xE -I"E:/code/STM32F4/01_GPIO/Core/Inc" -I"E:/code/STM32F4/01_GPIO/Drivers/STM32F4xx_HAL_Driver/Inc" -I"E:/code/STM32F4/01_GPIO/Drivers/STM32F4xx_HAL_Driver/Inc/Legacy" -I"E:/code/STM32F4/01_GPIO/Drivers/CMSIS/Device/ST/STM32F4xx/Include" -I"E:/code/STM32F4/01_GPIO/Drivers/CMSIS/Include"  -Og -g3 -Wall -fmessage-length=0 -ffunction-sections -c -fmessage-length=0 -MMD -MP -MF"Drivers/STM32F4xx_HAL_Driver/stm32f4xx_hal_dma_ex.d" -MT"Drivers/STM32F4xx_HAL_Driver/stm32f4xx_hal_dma_ex.o" -o "Drivers/STM32F4xx_HAL_Driver/stm32f4xx_hal_dma_ex.o" "E:/code/STM32F4/01_GPIO/Drivers/STM32F4xx_HAL_Driver/Src/stm32f4xx_hal_dma_ex.c"
Finished building: E:/code/STM32F4/01_GPIO/Drivers/STM32F4xx_HAL_Driver/Src/stm32f4xx_hal.c
Finished building: E:/code/STM32F4/01_GPIO/Drivers/STM32F4xx_HAL_Driver/Src/stm32f4xx_hal_dma.c
Finished building: E:/code/STM32F4/01_GPIO/Drivers/STM32F4xx_HAL_Driver/Src/stm32f4xx_hal_cortex.c
 
 
 
Building file: E:/code/STM32F4/01_GPIO/Drivers/STM32F4xx_HAL_Driver/Src/stm32f4xx_hal_exti.c
Building file: E:/code/STM32F4/01_GPIO/Drivers/STM32F4xx_HAL_Driver/Src/stm32f4xx_hal_flash.c
Building file: E:/code/STM32F4/01_GPIO/Drivers/STM32F4xx_HAL_Driver/Src/stm32f4xx_hal_flash_ex.c
Invoking: MCU GCC Compiler
Invoking: MCU GCC Compiler
Invoking: MCU GCC Compiler
E:\code\STM32F4\01_GPIO\SW4STM32\01_GPIO\Debug
arm-none-eabi-gcc -mcpu=cortex-m4 -mthumb -mfloat-abi=hard -mfpu=fpv4-sp-d16 -DUSE_HAL_DRIVER -DSTM32F411xE -I"E:/code/STM32F4/01_GPIO/Core/Inc" -I"E:/code/STM32F4/01_GPIO/Drivers/STM32F4xx_HAL_Driver/Inc" -I"E:/code/STM32F4/01_GPIO/Drivers/STM32F4xx_HAL_Driver/Inc/Legacy" -I"E:/code/STM32F4/01_GPIO/Drivers/CMSIS/Device/ST/STM32F4xx/Include" -I"E:/code/STM32F4/01_GPIO/Drivers/CMSIS/Include"  -Og -g3 -Wall -fmessage-length=0 -ffunction-sections -c -fmessage-length=0 -MMD -MP -MF"Drivers/STM32F4xx_HAL_Driver/stm32f4xx_hal_exti.d" -MT"Drivers/STM32F4xx_HAL_Driver/stm32f4xx_hal_exti.o" -o "Drivers/STM32F4xx_HAL_Driver/stm32f4xx_hal_exti.o" "E:/code/STM32F4/01_GPIO/Drivers/STM32F4xx_HAL_Driver/Src/stm32f4xx_hal_exti.c"
E:\code\STM32F4\01_GPIO\SW4STM32\01_GPIO\Debug
E:\code\STM32F4\01_GPIO\SW4STM32\01_GPIO\Debug
arm-none-eabi-gcc -mcpu=cortex-m4 -mthumb -mfloat-abi=hard -mfpu=fpv4-sp-d16 -DUSE_HAL_DRIVER -DSTM32F411xE -I"E:/code/STM32F4/01_GPIO/Core/Inc" -I"E:/code/STM32F4/01_GPIO/Drivers/STM32F4xx_HAL_Driver/Inc" -I"E:/code/STM32F4/01_GPIO/Drivers/STM32F4xx_HAL_Driver/Inc/Legacy" -I"E:/code/STM32F4/01_GPIO/Drivers/CMSIS/Device/ST/STM32F4xx/Include" -I"E:/code/STM32F4/01_GPIO/Drivers/CMSIS/Include"  -Og -g3 -Wall -fmessage-length=0 -ffunction-sections -c -fmessage-length=0 -MMD -MP -MF"Drivers/STM32F4xx_HAL_Driver/stm32f4xx_hal_flash.d" -MT"Drivers/STM32F4xx_HAL_Driver/stm32f4xx_hal_flash.o" -o "Drivers/STM32F4xx_HAL_Driver/stm32f4xx_hal_flash.o" "E:/code/STM32F4/01_GPIO/Drivers/STM32F4xx_HAL_Driver/Src/stm32f4xx_hal_flash.c"
arm-none-eabi-gcc -mcpu=cortex-m4 -mthumb -mfloat-abi=hard -mfpu=fpv4-sp-d16 -DUSE_HAL_DRIVER -DSTM32F411xE -I"E:/code/STM32F4/01_GPIO/Core/Inc" -I"E:/code/STM32F4/01_GPIO/Drivers/STM32F4xx_HAL_Driver/Inc" -I"E:/code/STM32F4/01_GPIO/Drivers/STM32F4xx_HAL_Driver/Inc/Legacy" -I"E:/code/STM32F4/01_GPIO/Drivers/CMSIS/Device/ST/STM32F4xx/Include" -I"E:/code/STM32F4/01_GPIO/Drivers/CMSIS/Include"  -Og -g3 -Wall -fmessage-length=0 -ffunction-sections -c -fmessage-length=0 -MMD -MP -MF"Drivers/STM32F4xx_HAL_Driver/stm32f4xx_hal_flash_ex.d" -MT"Drivers/STM32F4xx_HAL_Driver/stm32f4xx_hal_flash_ex.o" -o "Drivers/STM32F4xx_HAL_Driver/stm32f4xx_hal_flash_ex.o" "E:/code/STM32F4/01_GPIO/Drivers/STM32F4xx_HAL_Driver/Src/stm32f4xx_hal_flash_ex.c"
Finished building: E:/code/STM32F4/01_GPIO/Drivers/STM32F4xx_HAL_Driver/Src/stm32f4xx_hal_dma_ex.c
 
Building file: E:/code/STM32F4/01_GPIO/Drivers/STM32F4xx_HAL_Driver/Src/stm32f4xx_hal_flash_ramfunc.c
Invoking: MCU GCC Compiler
E:\code\STM32F4\01_GPIO\SW4STM32\01_GPIO\Debug
arm-none-eabi-gcc -mcpu=cortex-m4 -mthumb -mfloat-abi=hard -mfpu=fpv4-sp-d16 -DUSE_HAL_DRIVER -DSTM32F411xE -I"E:/code/STM32F4/01_GPIO/Core/Inc" -I"E:/code/STM32F4/01_GPIO/Drivers/STM32F4xx_HAL_Driver/Inc" -I"E:/code/STM32F4/01_GPIO/Drivers/STM32F4xx_HAL_Driver/Inc/Legacy" -I"E:/code/STM32F4/01_GPIO/Drivers/CMSIS/Device/ST/STM32F4xx/Include" -I"E:/code/STM32F4/01_GPIO/Drivers/CMSIS/Include"  -Og -g3 -Wall -fmessage-length=0 -ffunction-sections -c -fmessage-length=0 -MMD -MP -MF"Drivers/STM32F4xx_HAL_Driver/stm32f4xx_hal_flash_ramfunc.d" -MT"Drivers/STM32F4xx_HAL_Driver/stm32f4xx_hal_flash_ramfunc.o" -o "Drivers/STM32F4xx_HAL_Driver/stm32f4xx_hal_flash_ramfunc.o" "E:/code/STM32F4/01_GPIO/Drivers/STM32F4xx_HAL_Driver/Src/stm32f4xx_hal_flash_ramfunc.c"
Finished building: E:/code/STM32F4/01_GPIO/Drivers/STM32F4xx_HAL_Driver/Src/stm32f4xx_hal_exti.c
Finished building: E:/code/STM32F4/01_GPIO/Drivers/STM32F4xx_HAL_Driver/Src/stm32f4xx_hal_flash_ex.c
Finished building: E:/code/STM32F4/01_GPIO/Drivers/STM32F4xx_HAL_Driver/Src/stm32f4xx_hal_flash.c
 
 
 
Building file: E:/code/STM32F4/01_GPIO/Drivers/STM32F4xx_HAL_Driver/Src/stm32f4xx_hal_gpio.c
Building file: E:/code/STM32F4/01_GPIO/Drivers/STM32F4xx_HAL_Driver/Src/stm32f4xx_hal_pwr.c
Building file: E:/code/STM32F4/01_GPIO/Drivers/STM32F4xx_HAL_Driver/Src/stm32f4xx_hal_pwr_ex.c
Invoking: MCU GCC Compiler
Invoking: MCU GCC Compiler
Invoking: MCU GCC Compiler
E:\code\STM32F4\01_GPIO\SW4STM32\01_GPIO\Debug
arm-none-eabi-gcc -mcpu=cortex-m4 -mthumb -mfloat-abi=hard -mfpu=fpv4-sp-d16 -DUSE_HAL_DRIVER -DSTM32F411xE -I"E:/code/STM32F4/01_GPIO/Core/Inc" -I"E:/code/STM32F4/01_GPIO/Drivers/STM32F4xx_HAL_Driver/Inc" -I"E:/code/STM32F4/01_GPIO/Drivers/STM32F4xx_HAL_Driver/Inc/Legacy" -I"E:/code/STM32F4/01_GPIO/Drivers/CMSIS/Device/ST/STM32F4xx/Include" -I"E:/code/STM32F4/01_GPIO/Drivers/CMSIS/Include"  -Og -g3 -Wall -fmessage-length=0 -ffunction-sections -c -fmessage-length=0 -MMD -MP -MF"Drivers/STM32F4xx_HAL_Driver/stm32f4xx_hal_gpio.d" -MT"Drivers/STM32F4xx_HAL_Driver/stm32f4xx_hal_gpio.o" -o "Drivers/STM32F4xx_HAL_Driver/stm32f4xx_hal_gpio.o" "E:/code/STM32F4/01_GPIO/Drivers/STM32F4xx_HAL_Driver/Src/stm32f4xx_hal_gpio.c"
E:\code\STM32F4\01_GPIO\SW4STM32\01_GPIO\Debug
E:\code\STM32F4\01_GPIO\SW4STM32\01_GPIO\Debug
arm-none-eabi-gcc -mcpu=cortex-m4 -mthumb -mfloat-abi=hard -mfpu=fpv4-sp-d16 -DUSE_HAL_DRIVER -DSTM32F411xE -I"E:/code/STM32F4/01_GPIO/Core/Inc" -I"E:/code/STM32F4/01_GPIO/Drivers/STM32F4xx_HAL_Driver/Inc" -I"E:/code/STM32F4/01_GPIO/Drivers/STM32F4xx_HAL_Driver/Inc/Legacy" -I"E:/code/STM32F4/01_GPIO/Drivers/CMSIS/Device/ST/STM32F4xx/Include" -I"E:/code/STM32F4/01_GPIO/Drivers/CMSIS/Include"  -Og -g3 -Wall -fmessage-length=0 -ffunction-sections -c -fmessage-length=0 -MMD -MP -MF"Drivers/STM32F4xx_HAL_Driver/stm32f4xx_hal_pwr_ex.d" -MT"Drivers/STM32F4xx_HAL_Driver/stm32f4xx_hal_pwr_ex.o" -o "Drivers/STM32F4xx_HAL_Driver/stm32f4xx_hal_pwr_ex.o" "E:/code/STM32F4/01_GPIO/Drivers/STM32F4xx_HAL_Driver/Src/stm32f4xx_hal_pwr_ex.c"
arm-none-eabi-gcc -mcpu=cortex-m4 -mthumb -mfloat-abi=hard -mfpu=fpv4-sp-d16 -DUSE_HAL_DRIVER -DSTM32F411xE -I"E:/code/STM32F4/01_GPIO/Core/Inc" -I"E:/code/STM32F4/01_GPIO/Drivers/STM32F4xx_HAL_Driver/Inc" -I"E:/code/STM32F4/01_GPIO/Drivers/STM32F4xx_HAL_Driver/Inc/Legacy" -I"E:/code/STM32F4/01_GPIO/Drivers/CMSIS/Device/ST/STM32F4xx/Include" -I"E:/code/STM32F4/01_GPIO/Drivers/CMSIS/Include"  -Og -g3 -Wall -fmessage-length=0 -ffunction-sections -c -fmessage-length=0 -MMD -MP -MF"Drivers/STM32F4xx_HAL_Driver/stm32f4xx_hal_pwr.d" -MT"Drivers/STM32F4xx_HAL_Driver/stm32f4xx_hal_pwr.o" -o "Drivers/STM32F4xx_HAL_Driver/stm32f4xx_hal_pwr.o" "E:/code/STM32F4/01_GPIO/Drivers/STM32F4xx_HAL_Driver/Src/stm32f4xx_hal_pwr.c"
Finished building: E:/code/STM32F4/01_GPIO/Drivers/STM32F4xx_HAL_Driver/Src/stm32f4xx_hal_flash_ramfunc.c
 
Building file: E:/code/STM32F4/01_GPIO/Drivers/STM32F4xx_HAL_Driver/Src/stm32f4xx_hal_rcc.c
Invoking: MCU GCC Compiler
E:\code\STM32F4\01_GPIO\SW4STM32\01_GPIO\Debug
arm-none-eabi-gcc -mcpu=cortex-m4 -mthumb -mfloat-abi=hard -mfpu=fpv4-sp-d16 -DUSE_HAL_DRIVER -DSTM32F411xE -I"E:/code/STM32F4/01_GPIO/Core/Inc" -I"E:/code/STM32F4/01_GPIO/Drivers/STM32F4xx_HAL_Driver/Inc" -I"E:/code/STM32F4/01_GPIO/Drivers/STM32F4xx_HAL_Driver/Inc/Legacy" -I"E:/code/STM32F4/01_GPIO/Drivers/CMSIS/Device/ST/STM32F4xx/Include" -I"E:/code/STM32F4/01_GPIO/Drivers/CMSIS/Include"  -Og -g3 -Wall -fmessage-length=0 -ffunction-sections -c -fmessage-length=0 -MMD -MP -MF"Drivers/STM32F4xx_HAL_Driver/stm32f4xx_hal_rcc.d" -MT"Drivers/STM32F4xx_HAL_Driver/stm32f4xx_hal_rcc.o" -o "Drivers/STM32F4xx_HAL_Driver/stm32f4xx_hal_rcc.o" "E:/code/STM32F4/01_GPIO/Drivers/STM32F4xx_HAL_Driver/Src/stm32f4xx_hal_rcc.c"
Finished building: E:/code/STM32F4/01_GPIO/Drivers/STM32F4xx_HAL_Driver/Src/stm32f4xx_hal_pwr_ex.c
Finished building: E:/code/STM32F4/01_GPIO/Drivers/STM32F4xx_HAL_Driver/Src/stm32f4xx_hal_gpio.c
 
 
Building file: E:/code/STM32F4/01_GPIO/Drivers/STM32F4xx_HAL_Driver/Src/stm32f4xx_hal_rcc_ex.c
Finished building: E:/code/STM32F4/01_GPIO/Drivers/STM32F4xx_HAL_Driver/Src/stm32f4xx_hal_pwr.c
 
Invoking: MCU GCC Compiler
Building file: E:/code/STM32F4/01_GPIO/Drivers/STM32F4xx_HAL_Driver/Src/stm32f4xx_hal_tim.c
Building file: E:/code/STM32F4/01_GPIO/Drivers/STM32F4xx_HAL_Driver/Src/stm32f4xx_hal_tim_ex.c
E:\code\STM32F4\01_GPIO\SW4STM32\01_GPIO\Debug
arm-none-eabi-gcc -mcpu=cortex-m4 -mthumb -mfloat-abi=hard -mfpu=fpv4-sp-d16 -DUSE_HAL_DRIVER -DSTM32F411xE -I"E:/code/STM32F4/01_GPIO/Core/Inc" -I"E:/code/STM32F4/01_GPIO/Drivers/STM32F4xx_HAL_Driver/Inc" -I"E:/code/STM32F4/01_GPIO/Drivers/STM32F4xx_HAL_Driver/Inc/Legacy" -I"E:/code/STM32F4/01_GPIO/Drivers/CMSIS/Device/ST/STM32F4xx/Include" -I"E:/code/STM32F4/01_GPIO/Drivers/CMSIS/Include"  -Og -g3 -Wall -fmessage-length=0 -ffunction-sections -c -fmessage-length=0 -MMD -MP -MF"Drivers/STM32F4xx_HAL_Driver/stm32f4xx_hal_rcc_ex.d" -MT"Drivers/STM32F4xx_HAL_Driver/stm32f4xx_hal_rcc_ex.o" -o "Drivers/STM32F4xx_HAL_Driver/stm32f4xx_hal_rcc_ex.o" "E:/code/STM32F4/01_GPIO/Drivers/STM32F4xx_HAL_Driver/Src/stm32f4xx_hal_rcc_ex.c"
Invoking: MCU GCC Compiler
Invoking: MCU GCC Compiler
E:\code\STM32F4\01_GPIO\SW4STM32\01_GPIO\Debug
E:\code\STM32F4\01_GPIO\SW4STM32\01_GPIO\Debug
arm-none-eabi-gcc -mcpu=cortex-m4 -mthumb -mfloat-abi=hard -mfpu=fpv4-sp-d16 -DUSE_HAL_DRIVER -DSTM32F411xE -I"E:/code/STM32F4/01_GPIO/Core/Inc" -I"E:/code/STM32F4/01_GPIO/Drivers/STM32F4xx_HAL_Driver/Inc" -I"E:/code/STM32F4/01_GPIO/Drivers/STM32F4xx_HAL_Driver/Inc/Legacy" -I"E:/code/STM32F4/01_GPIO/Drivers/CMSIS/Device/ST/STM32F4xx/Include" -I"E:/code/STM32F4/01_GPIO/Drivers/CMSIS/Include"  -Og -g3 -Wall -fmessage-length=0 -ffunction-sections -c -fmessage-length=0 -MMD -MP -MF"Drivers/STM32F4xx_HAL_Driver/stm32f4xx_hal_tim_ex.d" -MT"Drivers/STM32F4xx_HAL_Driver/stm32f4xx_hal_tim_ex.o" -o "Drivers/STM32F4xx_HAL_Driver/stm32f4xx_hal_tim_ex.o" "E:/code/STM32F4/01_GPIO/Drivers/STM32F4xx_HAL_Driver/Src/stm32f4xx_hal_tim_ex.c"
arm-none-eabi-gcc -mcpu=cortex-m4 -mthumb -mfloat-abi=hard -mfpu=fpv4-sp-d16 -DUSE_HAL_DRIVER -DSTM32F411xE -I"E:/code/STM32F4/01_GPIO/Core/Inc" -I"E:/code/STM32F4/01_GPIO/Drivers/STM32F4xx_HAL_Driver/Inc" -I"E:/code/STM32F4/01_GPIO/Drivers/STM32F4xx_HAL_Driver/Inc/Legacy" -I"E:/code/STM32F4/01_GPIO/Drivers/CMSIS/Device/ST/STM32F4xx/Include" -I"E:/code/STM32F4/01_GPIO/Drivers/CMSIS/Include"  -Og -g3 -Wall -fmessage-length=0 -ffunction-sections -c -fmessage-length=0 -MMD -MP -MF"Drivers/STM32F4xx_HAL_Driver/stm32f4xx_hal_tim.d" -MT"Drivers/STM32F4xx_HAL_Driver/stm32f4xx_hal_tim.o" -o "Drivers/STM32F4xx_HAL_Driver/stm32f4xx_hal_tim.o" "E:/code/STM32F4/01_GPIO/Drivers/STM32F4xx_HAL_Driver/Src/stm32f4xx_hal_tim.c"
Finished building: E:/code/STM32F4/01_GPIO/Drivers/STM32F4xx_HAL_Driver/Src/stm32f4xx_hal_rcc.c
 
Building file: E:/code/STM32F4/01_GPIO/Core/Src/system_stm32f4xx.c
Invoking: MCU GCC Compiler
Finished building: E:/code/STM32F4/01_GPIO/Drivers/STM32F4xx_HAL_Driver/Src/stm32f4xx_hal_tim_ex.c
E:\code\STM32F4\01_GPIO\SW4STM32\01_GPIO\Debug
 
Finished building: E:/code/STM32F4/01_GPIO/Drivers/STM32F4xx_HAL_Driver/Src/stm32f4xx_hal_tim.c
arm-none-eabi-gcc -mcpu=cortex-m4 -mthumb -mfloat-abi=hard -mfpu=fpv4-sp-d16 -DUSE_HAL_DRIVER -DSTM32F411xE -I"E:/code/STM32F4/01_GPIO/Core/Inc" -I"E:/code/STM32F4/01_GPIO/Drivers/STM32F4xx_HAL_Driver/Inc" -I"E:/code/STM32F4/01_GPIO/Drivers/STM32F4xx_HAL_Driver/Inc/Legacy" -I"E:/code/STM32F4/01_GPIO/Drivers/CMSIS/Device/ST/STM32F4xx/Include" -I"E:/code/STM32F4/01_GPIO/Drivers/CMSIS/Include"  -Og -g3 -Wall -fmessage-length=0 -ffunction-sections -c -fmessage-length=0 -MMD -MP -MF"Drivers/CMSIS/system_stm32f4xx.d" -MT"Drivers/CMSIS/system_stm32f4xx.o" -o "Drivers/CMSIS/system_stm32f4xx.o" "E:/code/STM32F4/01_GPIO/Core/Src/system_stm32f4xx.c"
Building file: E:/code/STM32F4/01_GPIO/Core/Src/main.c
 
Invoking: MCU GCC Compiler
Building file: E:/code/STM32F4/01_GPIO/Core/Src/stm32f4xx_hal_msp.c
E:\code\STM32F4\01_GPIO\SW4STM32\01_GPIO\Debug
Invoking: MCU GCC Compiler
arm-none-eabi-gcc -mcpu=cortex-m4 -mthumb -mfloat-abi=hard -mfpu=fpv4-sp-d16 -DUSE_HAL_DRIVER -DSTM32F411xE -I"E:/code/STM32F4/01_GPIO/Core/Inc" -I"E:/code/STM32F4/01_GPIO/Drivers/STM32F4xx_HAL_Driver/Inc" -I"E:/code/STM32F4/01_GPIO/Drivers/STM32F4xx_HAL_Driver/Inc/Legacy" -I"E:/code/STM32F4/01_GPIO/Drivers/CMSIS/Device/ST/STM32F4xx/Include" -I"E:/code/STM32F4/01_GPIO/Drivers/CMSIS/Include"  -Og -g3 -Wall -fmessage-length=0 -ffunction-sections -c -fmessage-length=0 -MMD -MP -MF"Application/User/Core/main.d" -MT"Application/User/Core/main.o" -o "Application/User/Core/main.o" "E:/code/STM32F4/01_GPIO/Core/Src/main.c"
Finished building: E:/code/STM32F4/01_GPIO/Drivers/STM32F4xx_HAL_Driver/Src/stm32f4xx_hal_rcc_ex.c
E:\code\STM32F4\01_GPIO\SW4STM32\01_GPIO\Debug
 
arm-none-eabi-gcc -mcpu=cortex-m4 -mthumb -mfloat-abi=hard -mfpu=fpv4-sp-d16 -DUSE_HAL_DRIVER -DSTM32F411xE -I"E:/code/STM32F4/01_GPIO/Core/Inc" -I"E:/code/STM32F4/01_GPIO/Drivers/STM32F4xx_HAL_Driver/Inc" -I"E:/code/STM32F4/01_GPIO/Drivers/STM32F4xx_HAL_Driver/Inc/Legacy" -I"E:/code/STM32F4/01_GPIO/Drivers/CMSIS/Device/ST/STM32F4xx/Include" -I"E:/code/STM32F4/01_GPIO/Drivers/CMSIS/Include"  -Og -g3 -Wall -fmessage-length=0 -ffunction-sections -c -fmessage-length=0 -MMD -MP -MF"Application/User/Core/stm32f4xx_hal_msp.d" -MT"Application/User/Core/stm32f4xx_hal_msp.o" -o "Application/User/Core/stm32f4xx_hal_msp.o" "E:/code/STM32F4/01_GPIO/Core/Src/stm32f4xx_hal_msp.c"
Building file: E:/code/STM32F4/01_GPIO/Core/Src/stm32f4xx_it.c
Invoking: MCU GCC Compiler
E:\code\STM32F4\01_GPIO\SW4STM32\01_GPIO\Debug
arm-none-eabi-gcc -mcpu=cortex-m4 -mthumb -mfloat-abi=hard -mfpu=fpv4-sp-d16 -DUSE_HAL_DRIVER -DSTM32F411xE -I"E:/code/STM32F4/01_GPIO/Core/Inc" -I"E:/code/STM32F4/01_GPIO/Drivers/STM32F4xx_HAL_Driver/Inc" -I"E:/code/STM32F4/01_GPIO/Drivers/STM32F4xx_HAL_Driver/Inc/Legacy" -I"E:/code/STM32F4/01_GPIO/Drivers/CMSIS/Device/ST/STM32F4xx/Include" -I"E:/code/STM32F4/01_GPIO/Drivers/CMSIS/Include"  -Og -g3 -Wall -fmessage-length=0 -ffunction-sections -c -fmessage-length=0 -MMD -MP -MF"Application/User/Core/stm32f4xx_it.d" -MT"Application/User/Core/stm32f4xx_it.o" -o "Application/User/Core/stm32f4xx_it.o" "E:/code/STM32F4/01_GPIO/Core/Src/stm32f4xx_it.c"
Finished building: E:/code/STM32F4/01_GPIO/Core/Src/system_stm32f4xx.c
 
Building file: E:/code/STM32F4/01_GPIO/SW4STM32/startup_stm32f411xe.s
Invoking: MCU GCC Assembler
E:\code\STM32F4\01_GPIO\SW4STM32\01_GPIO\Debug
arm-none-eabi-as -mcpu=cortex-m4 -mthumb -mfloat-abi=hard -mfpu=fpv4-sp-d16 -g -o "Application/SW4STM32/startup_stm32f411xe.o" "E:/code/STM32F4/01_GPIO/SW4STM32/startup_stm32f411xe.s"
Finished building: E:/code/STM32F4/01_GPIO/Core/Src/stm32f4xx_hal_msp.c
 
Building file: E:/code/STM32F4/01_GPIO/SW4STM32/syscalls.c
Finished building: E:/code/STM32F4/01_GPIO/Core/Src/main.c
Invoking: MCU GCC Compiler
 
Finished building: E:/code/STM32F4/01_GPIO/Core/Src/stm32f4xx_it.c
E:\code\STM32F4\01_GPIO\SW4STM32\01_GPIO\Debug
Finished building: E:/code/STM32F4/01_GPIO/SW4STM32/startup_stm32f411xe.s
arm-none-eabi-gcc -mcpu=cortex-m4 -mthumb -mfloat-abi=hard -mfpu=fpv4-sp-d16 -DUSE_HAL_DRIVER -DSTM32F411xE -I"E:/code/STM32F4/01_GPIO/Core/Inc" -I"E:/code/STM32F4/01_GPIO/Drivers/STM32F4xx_HAL_Driver/Inc" -I"E:/code/STM32F4/01_GPIO/Drivers/STM32F4xx_HAL_Driver/Inc/Legacy" -I"E:/code/STM32F4/01_GPIO/Drivers/CMSIS/Device/ST/STM32F4xx/Include" -I"E:/code/STM32F4/01_GPIO/Drivers/CMSIS/Include"  -Og -g3 -Wall -fmessage-length=0 -ffunction-sections -c -fmessage-length=0 -MMD -MP -MF"Application/SW4STM32/syscalls.d" -MT"Application/SW4STM32/syscalls.o" -o "Application/SW4STM32/syscalls.o" "E:/code/STM32F4/01_GPIO/SW4STM32/syscalls.c"
 
 
Finished building: E:/code/STM32F4/01_GPIO/SW4STM32/syscalls.c
 
Building target: 01_GPIO.elf
Invoking: MCU GCC Linker
arm-none-eabi-gcc -mcpu=cortex-m4 -mthumb -mfloat-abi=hard -mfpu=fpv4-sp-d16 -specs=nosys.specs -specs=nano.specs -T"../STM32F411VETx_FLASH.ld" -Wl,-Map=output.map -Wl,--gc-sections -o "01_GPIO.elf" @"objects.list"   -lm
Finished building target: 01_GPIO.elf
 
make --no-print-directory post-build
Generating hex and Printing size information:
arm-none-eabi-objcopy -O ihex 01_GPIO.elf 01_GPIO.hex
arm-none-eabi-size 01_GPIO.elf
   text	   data	    bss	    dec	    hex	filename
   4388	     20	   1572	   5980	   175c	01_GPIO.elf
arm-none-eabi-objcopy -O binary 01_GPIO.elf 01_GPIO.bin
 
23:59:31 **** Incremental Build of configuration Debug for project 01_GPIO ****
make -j4 all 
Building file: E:/code/STM32F4/01_GPIO/Drivers/STM32F4xx_HAL_Driver/Src/stm32f4xx_hal.c
Building file: E:/code/STM32F4/01_GPIO/Drivers/STM32F4xx_HAL_Driver/Src/stm32f4xx_hal_cortex.c
Building file: E:/code/STM32F4/01_GPIO/Drivers/STM32F4xx_HAL_Driver/Src/stm32f4xx_hal_dma.c
Building file: E:/code/STM32F4/01_GPIO/Drivers/STM32F4xx_HAL_Driver/Src/stm32f4xx_hal_dma_ex.c
Invoking: MCU GCC Compiler
Invoking: MCU GCC Compiler
Invoking: MCU GCC Compiler
Invoking: MCU GCC Compiler
E:\code\STM32F4\01_GPIO\SW4STM32\01_GPIO\Debug
E:\code\STM32F4\01_GPIO\SW4STM32\01_GPIO\Debug
arm-none-eabi-gcc -mcpu=cortex-m4 -mthumb -mfloat-abi=hard -mfpu=fpv4-sp-d16 -DUSE_HAL_DRIVER -DSTM32F411xE -I"E:/code/STM32F4/01_GPIO/Core/Inc" -I"E:/code/STM32F4/01_GPIO/Drivers/STM32F4xx_HAL_Driver/Inc" -I"E:/code/STM32F4/01_GPIO/Drivers/STM32F4xx_HAL_Driver/Inc/Legacy" -I"E:/code/STM32F4/01_GPIO/Drivers/CMSIS/Device/ST/STM32F4xx/Include" -I"E:/code/STM32F4/01_GPIO/Drivers/CMSIS/Include"  -Og -g3 -Wall -fmessage-length=0 -ffunction-sections -c -fmessage-length=0 -MMD -MP -MF"Drivers/STM32F4xx_HAL_Driver/stm32f4xx_hal_cortex.d" -MT"Drivers/STM32F4xx_HAL_Driver/stm32f4xx_hal_cortex.o" -o "Drivers/STM32F4xx_HAL_Driver/stm32f4xx_hal_cortex.o" "E:/code/STM32F4/01_GPIO/Drivers/STM32F4xx_HAL_Driver/Src/stm32f4xx_hal_cortex.c"
E:\code\STM32F4\01_GPIO\SW4STM32\01_GPIO\Debug
E:\code\STM32F4\01_GPIO\SW4STM32\01_GPIO\Debug
arm-none-eabi-gcc -mcpu=cortex-m4 -mthumb -mfloat-abi=hard -mfpu=fpv4-sp-d16 -DUSE_HAL_DRIVER -DSTM32F411xE -I"E:/code/STM32F4/01_GPIO/Core/Inc" -I"E:/code/STM32F4/01_GPIO/Drivers/STM32F4xx_HAL_Driver/Inc" -I"E:/code/STM32F4/01_GPIO/Drivers/STM32F4xx_HAL_Driver/Inc/Legacy" -I"E:/code/STM32F4/01_GPIO/Drivers/CMSIS/Device/ST/STM32F4xx/Include" -I"E:/code/STM32F4/01_GPIO/Drivers/CMSIS/Include"  -Og -g3 -Wall -fmessage-length=0 -ffunction-sections -c -fmessage-length=0 -MMD -MP -MF"Drivers/STM32F4xx_HAL_Driver/stm32f4xx_hal.d" -MT"Drivers/STM32F4xx_HAL_Driver/stm32f4xx_hal.o" -o "Drivers/STM32F4xx_HAL_Driver/stm32f4xx_hal.o" "E:/code/STM32F4/01_GPIO/Drivers/STM32F4xx_HAL_Driver/Src/stm32f4xx_hal.c"
arm-none-eabi-gcc -mcpu=cortex-m4 -mthumb -mfloat-abi=hard -mfpu=fpv4-sp-d16 -DUSE_HAL_DRIVER -DSTM32F411xE -I"E:/code/STM32F4/01_GPIO/Core/Inc" -I"E:/code/STM32F4/01_GPIO/Drivers/STM32F4xx_HAL_Driver/Inc" -I"E:/code/STM32F4/01_GPIO/Drivers/STM32F4xx_HAL_Driver/Inc/Legacy" -I"E:/code/STM32F4/01_GPIO/Drivers/CMSIS/Device/ST/STM32F4xx/Include" -I"E:/code/STM32F4/01_GPIO/Drivers/CMSIS/Include"  -Og -g3 -Wall -fmessage-length=0 -ffunction-sections -c -fmessage-length=0 -MMD -MP -MF"Drivers/STM32F4xx_HAL_Driver/stm32f4xx_hal_dma.d" -MT"Drivers/STM32F4xx_HAL_Driver/stm32f4xx_hal_dma.o" -o "Drivers/STM32F4xx_HAL_Driver/stm32f4xx_hal_dma.o" "E:/code/STM32F4/01_GPIO/Drivers/STM32F4xx_HAL_Driver/Src/stm32f4xx_hal_dma.c"
arm-none-eabi-gcc -mcpu=cortex-m4 -mthumb -mfloat-abi=hard -mfpu=fpv4-sp-d16 -DUSE_HAL_DRIVER -DSTM32F411xE -I"E:/code/STM32F4/01_GPIO/Core/Inc" -I"E:/code/STM32F4/01_GPIO/Drivers/STM32F4xx_HAL_Driver/Inc" -I"E:/code/STM32F4/01_GPIO/Drivers/STM32F4xx_HAL_Driver/Inc/Legacy" -I"E:/code/STM32F4/01_GPIO/Drivers/CMSIS/Device/ST/STM32F4xx/Include" -I"E:/code/STM32F4/01_GPIO/Drivers/CMSIS/Include"  -Og -g3 -Wall -fmessage-length=0 -ffunction-sections -c -fmessage-length=0 -MMD -MP -MF"Drivers/STM32F4xx_HAL_Driver/stm32f4xx_hal_dma_ex.d" -MT"Drivers/STM32F4xx_HAL_Driver/stm32f4xx_hal_dma_ex.o" -o "Drivers/STM32F4xx_HAL_Driver/stm32f4xx_hal_dma_ex.o" "E:/code/STM32F4/01_GPIO/Drivers/STM32F4xx_HAL_Driver/Src/stm32f4xx_hal_dma_ex.c"
Finished building: E:/code/STM32F4/01_GPIO/Drivers/STM32F4xx_HAL_Driver/Src/stm32f4xx_hal_cortex.c
Finished building: E:/code/STM32F4/01_GPIO/Drivers/STM32F4xx_HAL_Driver/Src/stm32f4xx_hal.c
 
 
Building file: E:/code/STM32F4/01_GPIO/Drivers/STM32F4xx_HAL_Driver/Src/stm32f4xx_hal_exti.c
Finished building: E:/code/STM32F4/01_GPIO/Drivers/STM32F4xx_HAL_Driver/Src/stm32f4xx_hal_dma.c
Building file: E:/code/STM32F4/01_GPIO/Drivers/STM32F4xx_HAL_Driver/Src/stm32f4xx_hal_flash.c
Invoking: MCU GCC Compiler
 
Invoking: MCU GCC Compiler
Finished building: E:/code/STM32F4/01_GPIO/Drivers/STM32F4xx_HAL_Driver/Src/stm32f4xx_hal_dma_ex.c
E:\code\STM32F4\01_GPIO\SW4STM32\01_GPIO\Debug
Building file: E:/code/STM32F4/01_GPIO/Drivers/STM32F4xx_HAL_Driver/Src/stm32f4xx_hal_flash_ex.c
E:\code\STM32F4\01_GPIO\SW4STM32\01_GPIO\Debug
arm-none-eabi-gcc -mcpu=cortex-m4 -mthumb -mfloat-abi=hard -mfpu=fpv4-sp-d16 -DUSE_HAL_DRIVER -DSTM32F411xE -I"E:/code/STM32F4/01_GPIO/Core/Inc" -I"E:/code/STM32F4/01_GPIO/Drivers/STM32F4xx_HAL_Driver/Inc" -I"E:/code/STM32F4/01_GPIO/Drivers/STM32F4xx_HAL_Driver/Inc/Legacy" -I"E:/code/STM32F4/01_GPIO/Drivers/CMSIS/Device/ST/STM32F4xx/Include" -I"E:/code/STM32F4/01_GPIO/Drivers/CMSIS/Include"  -Og -g3 -Wall -fmessage-length=0 -ffunction-sections -c -fmessage-length=0 -MMD -MP -MF"Drivers/STM32F4xx_HAL_Driver/stm32f4xx_hal_exti.d" -MT"Drivers/STM32F4xx_HAL_Driver/stm32f4xx_hal_exti.o" -o "Drivers/STM32F4xx_HAL_Driver/stm32f4xx_hal_exti.o" "E:/code/STM32F4/01_GPIO/Drivers/STM32F4xx_HAL_Driver/Src/stm32f4xx_hal_exti.c"
 
arm-none-eabi-gcc -mcpu=cortex-m4 -mthumb -mfloat-abi=hard -mfpu=fpv4-sp-d16 -DUSE_HAL_DRIVER -DSTM32F411xE -I"E:/code/STM32F4/01_GPIO/Core/Inc" -I"E:/code/STM32F4/01_GPIO/Drivers/STM32F4xx_HAL_Driver/Inc" -I"E:/code/STM32F4/01_GPIO/Drivers/STM32F4xx_HAL_Driver/Inc/Legacy" -I"E:/code/STM32F4/01_GPIO/Drivers/CMSIS/Device/ST/STM32F4xx/Include" -I"E:/code/STM32F4/01_GPIO/Drivers/CMSIS/Include"  -Og -g3 -Wall -fmessage-length=0 -ffunction-sections -c -fmessage-length=0 -MMD -MP -MF"Drivers/STM32F4xx_HAL_Driver/stm32f4xx_hal_flash.d" -MT"Drivers/STM32F4xx_HAL_Driver/stm32f4xx_hal_flash.o" -o "Drivers/STM32F4xx_HAL_Driver/stm32f4xx_hal_flash.o" "E:/code/STM32F4/01_GPIO/Drivers/STM32F4xx_HAL_Driver/Src/stm32f4xx_hal_flash.c"
Invoking: MCU GCC Compiler
Building file: E:/code/STM32F4/01_GPIO/Drivers/STM32F4xx_HAL_Driver/Src/stm32f4xx_hal_flash_ramfunc.c
Invoking: MCU GCC Compiler
E:\code\STM32F4\01_GPIO\SW4STM32\01_GPIO\Debug
arm-none-eabi-gcc -mcpu=cortex-m4 -mthumb -mfloat-abi=hard -mfpu=fpv4-sp-d16 -DUSE_HAL_DRIVER -DSTM32F411xE -I"E:/code/STM32F4/01_GPIO/Core/Inc" -I"E:/code/STM32F4/01_GPIO/Drivers/STM32F4xx_HAL_Driver/Inc" -I"E:/code/STM32F4/01_GPIO/Drivers/STM32F4xx_HAL_Driver/Inc/Legacy" -I"E:/code/STM32F4/01_GPIO/Drivers/CMSIS/Device/ST/STM32F4xx/Include" -I"E:/code/STM32F4/01_GPIO/Drivers/CMSIS/Include"  -Og -g3 -Wall -fmessage-length=0 -ffunction-sections -c -fmessage-length=0 -MMD -MP -MF"Drivers/STM32F4xx_HAL_Driver/stm32f4xx_hal_flash_ex.d" -MT"Drivers/STM32F4xx_HAL_Driver/stm32f4xx_hal_flash_ex.o" -o "Drivers/STM32F4xx_HAL_Driver/stm32f4xx_hal_flash_ex.o" "E:/code/STM32F4/01_GPIO/Drivers/STM32F4xx_HAL_Driver/Src/stm32f4xx_hal_flash_ex.c"
E:\code\STM32F4\01_GPIO\SW4STM32\01_GPIO\Debug
arm-none-eabi-gcc -mcpu=cortex-m4 -mthumb -mfloat-abi=hard -mfpu=fpv4-sp-d16 -DUSE_HAL_DRIVER -DSTM32F411xE -I"E:/code/STM32F4/01_GPIO/Core/Inc" -I"E:/code/STM32F4/01_GPIO/Drivers/STM32F4xx_HAL_Driver/Inc" -I"E:/code/STM32F4/01_GPIO/Drivers/STM32F4xx_HAL_Driver/Inc/Legacy" -I"E:/code/STM32F4/01_GPIO/Drivers/CMSIS/Device/ST/STM32F4xx/Include" -I"E:/code/STM32F4/01_GPIO/Drivers/CMSIS/Include"  -Og -g3 -Wall -fmessage-length=0 -ffunction-sections -c -fmessage-length=0 -MMD -MP -MF"Drivers/STM32F4xx_HAL_Driver/stm32f4xx_hal_flash_ramfunc.d" -MT"Drivers/STM32F4xx_HAL_Driver/stm32f4xx_hal_flash_ramfunc.o" -o "Drivers/STM32F4xx_HAL_Driver/stm32f4xx_hal_flash_ramfunc.o" "E:/code/STM32F4/01_GPIO/Drivers/STM32F4xx_HAL_Driver/Src/stm32f4xx_hal_flash_ramfunc.c"
Finished building: E:/code/STM32F4/01_GPIO/Drivers/STM32F4xx_HAL_Driver/Src/stm32f4xx_hal_exti.c
Finished building: E:/code/STM32F4/01_GPIO/Drivers/STM32F4xx_HAL_Driver/Src/stm32f4xx_hal_flash.c
 
 
Building file: E:/code/STM32F4/01_GPIO/Drivers/STM32F4xx_HAL_Driver/Src/stm32f4xx_hal_gpio.c
Building file: E:/code/STM32F4/01_GPIO/Drivers/STM32F4xx_HAL_Driver/Src/stm32f4xx_hal_pwr.c
Invoking: MCU GCC Compiler
Invoking: MCU GCC Compiler
E:\code\STM32F4\01_GPIO\SW4STM32\01_GPIO\Debug
Finished building: E:/code/STM32F4/01_GPIO/Drivers/STM32F4xx_HAL_Driver/Src/stm32f4xx_hal_flash_ex.c
arm-none-eabi-gcc -mcpu=cortex-m4 -mthumb -mfloat-abi=hard -mfpu=fpv4-sp-d16 -DUSE_HAL_DRIVER -DSTM32F411xE -I"E:/code/STM32F4/01_GPIO/Core/Inc" -I"E:/code/STM32F4/01_GPIO/Drivers/STM32F4xx_HAL_Driver/Inc" -I"E:/code/STM32F4/01_GPIO/Drivers/STM32F4xx_HAL_Driver/Inc/Legacy" -I"E:/code/STM32F4/01_GPIO/Drivers/CMSIS/Device/ST/STM32F4xx/Include" -I"E:/code/STM32F4/01_GPIO/Drivers/CMSIS/Include"  -Og -g3 -Wall -fmessage-length=0 -ffunction-sections -c -fmessage-length=0 -MMD -MP -MF"Drivers/STM32F4xx_HAL_Driver/stm32f4xx_hal_gpio.d" -MT"Drivers/STM32F4xx_HAL_Driver/stm32f4xx_hal_gpio.o" -o "Drivers/STM32F4xx_HAL_Driver/stm32f4xx_hal_gpio.o" "E:/code/STM32F4/01_GPIO/Drivers/STM32F4xx_HAL_Driver/Src/stm32f4xx_hal_gpio.c"
E:\code\STM32F4\01_GPIO\SW4STM32\01_GPIO\Debug
 
arm-none-eabi-gcc -mcpu=cortex-m4 -mthumb -mfloat-abi=hard -mfpu=fpv4-sp-d16 -DUSE_HAL_DRIVER -DSTM32F411xE -I"E:/code/STM32F4/01_GPIO/Core/Inc" -I"E:/code/STM32F4/01_GPIO/Drivers/STM32F4xx_HAL_Driver/Inc" -I"E:/code/STM32F4/01_GPIO/Drivers/STM32F4xx_HAL_Driver/Inc/Legacy" -I"E:/code/STM32F4/01_GPIO/Drivers/CMSIS/Device/ST/STM32F4xx/Include" -I"E:/code/STM32F4/01_GPIO/Drivers/CMSIS/Include"  -Og -g3 -Wall -fmessage-length=0 -ffunction-sections -c -fmessage-length=0 -MMD -MP -MF"Drivers/STM32F4xx_HAL_Driver/stm32f4xx_hal_pwr.d" -MT"Drivers/STM32F4xx_HAL_Driver/stm32f4xx_hal_pwr.o" -o "Drivers/STM32F4xx_HAL_Driver/stm32f4xx_hal_pwr.o" "E:/code/STM32F4/01_GPIO/Drivers/STM32F4xx_HAL_Driver/Src/stm32f4xx_hal_pwr.c"
Building file: E:/code/STM32F4/01_GPIO/Drivers/STM32F4xx_HAL_Driver/Src/stm32f4xx_hal_pwr_ex.c
Invoking: MCU GCC Compiler
E:\code\STM32F4\01_GPIO\SW4STM32\01_GPIO\Debug
Finished building: E:/code/STM32F4/01_GPIO/Drivers/STM32F4xx_HAL_Driver/Src/stm32f4xx_hal_flash_ramfunc.c
arm-none-eabi-gcc -mcpu=cortex-m4 -mthumb -mfloat-abi=hard -mfpu=fpv4-sp-d16 -DUSE_HAL_DRIVER -DSTM32F411xE -I"E:/code/STM32F4/01_GPIO/Core/Inc" -I"E:/code/STM32F4/01_GPIO/Drivers/STM32F4xx_HAL_Driver/Inc" -I"E:/code/STM32F4/01_GPIO/Drivers/STM32F4xx_HAL_Driver/Inc/Legacy" -I"E:/code/STM32F4/01_GPIO/Drivers/CMSIS/Device/ST/STM32F4xx/Include" -I"E:/code/STM32F4/01_GPIO/Drivers/CMSIS/Include"  -Og -g3 -Wall -fmessage-length=0 -ffunction-sections -c -fmessage-length=0 -MMD -MP -MF"Drivers/STM32F4xx_HAL_Driver/stm32f4xx_hal_pwr_ex.d" -MT"Drivers/STM32F4xx_HAL_Driver/stm32f4xx_hal_pwr_ex.o" -o "Drivers/STM32F4xx_HAL_Driver/stm32f4xx_hal_pwr_ex.o" "E:/code/STM32F4/01_GPIO/Drivers/STM32F4xx_HAL_Driver/Src/stm32f4xx_hal_pwr_ex.c"
 
Building file: E:/code/STM32F4/01_GPIO/Drivers/STM32F4xx_HAL_Driver/Src/stm32f4xx_hal_rcc.c
Invoking: MCU GCC Compiler
E:\code\STM32F4\01_GPIO\SW4STM32\01_GPIO\Debug
arm-none-eabi-gcc -mcpu=cortex-m4 -mthumb -mfloat-abi=hard -mfpu=fpv4-sp-d16 -DUSE_HAL_DRIVER -DSTM32F411xE -I"E:/code/STM32F4/01_GPIO/Core/Inc" -I"E:/code/STM32F4/01_GPIO/Drivers/STM32F4xx_HAL_Driver/Inc" -I"E:/code/STM32F4/01_GPIO/Drivers/STM32F4xx_HAL_Driver/Inc/Legacy" -I"E:/code/STM32F4/01_GPIO/Drivers/CMSIS/Device/ST/STM32F4xx/Include" -I"E:/code/STM32F4/01_GPIO/Drivers/CMSIS/Include"  -Og -g3 -Wall -fmessage-length=0 -ffunction-sections -c -fmessage-length=0 -MMD -MP -MF"Drivers/STM32F4xx_HAL_Driver/stm32f4xx_hal_rcc.d" -MT"Drivers/STM32F4xx_HAL_Driver/stm32f4xx_hal_rcc.o" -o "Drivers/STM32F4xx_HAL_Driver/stm32f4xx_hal_rcc.o" "E:/code/STM32F4/01_GPIO/Drivers/STM32F4xx_HAL_Driver/Src/stm32f4xx_hal_rcc.c"
Finished building: E:/code/STM32F4/01_GPIO/Drivers/STM32F4xx_HAL_Driver/Src/stm32f4xx_hal_pwr.c
Finished building: E:/code/STM32F4/01_GPIO/Drivers/STM32F4xx_HAL_Driver/Src/stm32f4xx_hal_gpio.c
 
Building file: E:/code/STM32F4/01_GPIO/Drivers/STM32F4xx_HAL_Driver/Src/stm32f4xx_hal_rcc_ex.c
 
Invoking: MCU GCC Compiler
Building file: E:/code/STM32F4/01_GPIO/Drivers/STM32F4xx_HAL_Driver/Src/stm32f4xx_hal_tim.c
E:\code\STM32F4\01_GPIO\SW4STM32\01_GPIO\Debug
Invoking: MCU GCC Compiler
arm-none-eabi-gcc -mcpu=cortex-m4 -mthumb -mfloat-abi=hard -mfpu=fpv4-sp-d16 -DUSE_HAL_DRIVER -DSTM32F411xE -I"E:/code/STM32F4/01_GPIO/Core/Inc" -I"E:/code/STM32F4/01_GPIO/Drivers/STM32F4xx_HAL_Driver/Inc" -I"E:/code/STM32F4/01_GPIO/Drivers/STM32F4xx_HAL_Driver/Inc/Legacy" -I"E:/code/STM32F4/01_GPIO/Drivers/CMSIS/Device/ST/STM32F4xx/Include" -I"E:/code/STM32F4/01_GPIO/Drivers/CMSIS/Include"  -Og -g3 -Wall -fmessage-length=0 -ffunction-sections -c -fmessage-length=0 -MMD -MP -MF"Drivers/STM32F4xx_HAL_Driver/stm32f4xx_hal_rcc_ex.d" -MT"Drivers/STM32F4xx_HAL_Driver/stm32f4xx_hal_rcc_ex.o" -o "Drivers/STM32F4xx_HAL_Driver/stm32f4xx_hal_rcc_ex.o" "E:/code/STM32F4/01_GPIO/Drivers/STM32F4xx_HAL_Driver/Src/stm32f4xx_hal_rcc_ex.c"
Finished building: E:/code/STM32F4/01_GPIO/Drivers/STM32F4xx_HAL_Driver/Src/stm32f4xx_hal_pwr_ex.c
E:\code\STM32F4\01_GPIO\SW4STM32\01_GPIO\Debug
arm-none-eabi-gcc -mcpu=cortex-m4 -mthumb -mfloat-abi=hard -mfpu=fpv4-sp-d16 -DUSE_HAL_DRIVER -DSTM32F411xE -I"E:/code/STM32F4/01_GPIO/Core/Inc" -I"E:/code/STM32F4/01_GPIO/Drivers/STM32F4xx_HAL_Driver/Inc" -I"E:/code/STM32F4/01_GPIO/Drivers/STM32F4xx_HAL_Driver/Inc/Legacy" -I"E:/code/STM32F4/01_GPIO/Drivers/CMSIS/Device/ST/STM32F4xx/Include" -I"E:/code/STM32F4/01_GPIO/Drivers/CMSIS/Include"  -Og -g3 -Wall -fmessage-length=0 -ffunction-sections -c -fmessage-length=0 -MMD -MP -MF"Drivers/STM32F4xx_HAL_Driver/stm32f4xx_hal_tim.d" -MT"Drivers/STM32F4xx_HAL_Driver/stm32f4xx_hal_tim.o" -o "Drivers/STM32F4xx_HAL_Driver/stm32f4xx_hal_tim.o" "E:/code/STM32F4/01_GPIO/Drivers/STM32F4xx_HAL_Driver/Src/stm32f4xx_hal_tim.c"
 
Building file: E:/code/STM32F4/01_GPIO/Drivers/STM32F4xx_HAL_Driver/Src/stm32f4xx_hal_tim_ex.c
Invoking: MCU GCC Compiler
E:\code\STM32F4\01_GPIO\SW4STM32\01_GPIO\Debug
arm-none-eabi-gcc -mcpu=cortex-m4 -mthumb -mfloat-abi=hard -mfpu=fpv4-sp-d16 -DUSE_HAL_DRIVER -DSTM32F411xE -I"E:/code/STM32F4/01_GPIO/Core/Inc" -I"E:/code/STM32F4/01_GPIO/Drivers/STM32F4xx_HAL_Driver/Inc" -I"E:/code/STM32F4/01_GPIO/Drivers/STM32F4xx_HAL_Driver/Inc/Legacy" -I"E:/code/STM32F4/01_GPIO/Drivers/CMSIS/Device/ST/STM32F4xx/Include" -I"E:/code/STM32F4/01_GPIO/Drivers/CMSIS/Include"  -Og -g3 -Wall -fmessage-length=0 -ffunction-sections -c -fmessage-length=0 -MMD -MP -MF"Drivers/STM32F4xx_HAL_Driver/stm32f4xx_hal_tim_ex.d" -MT"Drivers/STM32F4xx_HAL_Driver/stm32f4xx_hal_tim_ex.o" -o "Drivers/STM32F4xx_HAL_Driver/stm32f4xx_hal_tim_ex.o" "E:/code/STM32F4/01_GPIO/Drivers/STM32F4xx_HAL_Driver/Src/stm32f4xx_hal_tim_ex.c"
Finished building: E:/code/STM32F4/01_GPIO/Drivers/STM32F4xx_HAL_Driver/Src/stm32f4xx_hal_rcc.c
 
Building file: E:/code/STM32F4/01_GPIO/Core/Src/system_stm32f4xx.c
Invoking: MCU GCC Compiler
E:\code\STM32F4\01_GPIO\SW4STM32\01_GPIO\Debug
arm-none-eabi-gcc -mcpu=cortex-m4 -mthumb -mfloat-abi=hard -mfpu=fpv4-sp-d16 -DUSE_HAL_DRIVER -DSTM32F411xE -I"E:/code/STM32F4/01_GPIO/Core/Inc" -I"E:/code/STM32F4/01_GPIO/Drivers/STM32F4xx_HAL_Driver/Inc" -I"E:/code/STM32F4/01_GPIO/Drivers/STM32F4xx_HAL_Driver/Inc/Legacy" -I"E:/code/STM32F4/01_GPIO/Drivers/CMSIS/Device/ST/STM32F4xx/Include" -I"E:/code/STM32F4/01_GPIO/Drivers/CMSIS/Include"  -Og -g3 -Wall -fmessage-length=0 -ffunction-sections -c -fmessage-length=0 -MMD -MP -MF"Drivers/CMSIS/system_stm32f4xx.d" -MT"Drivers/CMSIS/system_stm32f4xx.o" -o "Drivers/CMSIS/system_stm32f4xx.o" "E:/code/STM32F4/01_GPIO/Core/Src/system_stm32f4xx.c"
Finished building: E:/code/STM32F4/01_GPIO/Drivers/STM32F4xx_HAL_Driver/Src/stm32f4xx_hal_tim.c
 
Finished building: E:/code/STM32F4/01_GPIO/Drivers/STM32F4xx_HAL_Driver/Src/stm32f4xx_hal_rcc_ex.c
Building file: E:/code/STM32F4/01_GPIO/Core/Src/main.c
 
Invoking: MCU GCC Compiler
Building file: E:/code/STM32F4/01_GPIO/Core/Src/stm32f4xx_hal_msp.c
E:\code\STM32F4\01_GPIO\SW4STM32\01_GPIO\Debug
arm-none-eabi-gcc -mcpu=cortex-m4 -mthumb -mfloat-abi=hard -mfpu=fpv4-sp-d16 -DUSE_HAL_DRIVER -DSTM32F411xE -I"E:/code/STM32F4/01_GPIO/Core/Inc" -I"E:/code/STM32F4/01_GPIO/Drivers/STM32F4xx_HAL_Driver/Inc" -I"E:/code/STM32F4/01_GPIO/Drivers/STM32F4xx_HAL_Driver/Inc/Legacy" -I"E:/code/STM32F4/01_GPIO/Drivers/CMSIS/Device/ST/STM32F4xx/Include" -I"E:/code/STM32F4/01_GPIO/Drivers/CMSIS/Include"  -Og -g3 -Wall -fmessage-length=0 -ffunction-sections -c -fmessage-length=0 -MMD -MP -MF"Application/User/Core/main.d" -MT"Application/User/Core/main.o" -o "Application/User/Core/main.o" "E:/code/STM32F4/01_GPIO/Core/Src/main.c"
Invoking: MCU GCC Compiler
E:\code\STM32F4\01_GPIO\SW4STM32\01_GPIO\Debug
arm-none-eabi-gcc -mcpu=cortex-m4 -mthumb -mfloat-abi=hard -mfpu=fpv4-sp-d16 -DUSE_HAL_DRIVER -DSTM32F411xE -I"E:/code/STM32F4/01_GPIO/Core/Inc" -I"E:/code/STM32F4/01_GPIO/Drivers/STM32F4xx_HAL_Driver/Inc" -I"E:/code/STM32F4/01_GPIO/Drivers/STM32F4xx_HAL_Driver/Inc/Legacy" -I"E:/code/STM32F4/01_GPIO/Drivers/CMSIS/Device/ST/STM32F4xx/Include" -I"E:/code/STM32F4/01_GPIO/Drivers/CMSIS/Include"  -Og -g3 -Wall -fmessage-length=0 -ffunction-sections -c -fmessage-length=0 -MMD -MP -MF"Application/User/Core/stm32f4xx_hal_msp.d" -MT"Application/User/Core/stm32f4xx_hal_msp.o" -o "Application/User/Core/stm32f4xx_hal_msp.o" "E:/code/STM32F4/01_GPIO/Core/Src/stm32f4xx_hal_msp.c"
Finished building: E:/code/STM32F4/01_GPIO/Drivers/STM32F4xx_HAL_Driver/Src/stm32f4xx_hal_tim_ex.c
 
Building file: E:/code/STM32F4/01_GPIO/Core/Src/stm32f4xx_it.c
Invoking: MCU GCC Compiler
E:\code\STM32F4\01_GPIO\SW4STM32\01_GPIO\Debug
arm-none-eabi-gcc -mcpu=cortex-m4 -mthumb -mfloat-abi=hard -mfpu=fpv4-sp-d16 -DUSE_HAL_DRIVER -DSTM32F411xE -I"E:/code/STM32F4/01_GPIO/Core/Inc" -I"E:/code/STM32F4/01_GPIO/Drivers/STM32F4xx_HAL_Driver/Inc" -I"E:/code/STM32F4/01_GPIO/Drivers/STM32F4xx_HAL_Driver/Inc/Legacy" -I"E:/code/STM32F4/01_GPIO/Drivers/CMSIS/Device/ST/STM32F4xx/Include" -I"E:/code/STM32F4/01_GPIO/Drivers/CMSIS/Include"  -Og -g3 -Wall -fmessage-length=0 -ffunction-sections -c -fmessage-length=0 -MMD -MP -MF"Application/User/Core/stm32f4xx_it.d" -MT"Application/User/Core/stm32f4xx_it.o" -o "Application/User/Core/stm32f4xx_it.o" "E:/code/STM32F4/01_GPIO/Core/Src/stm32f4xx_it.c"
Finished building: E:/code/STM32F4/01_GPIO/Core/Src/system_stm32f4xx.c
 
Finished building: E:/code/STM32F4/01_GPIO/Core/Src/main.c
 
Finished building: E:/code/STM32F4/01_GPIO/Core/Src/stm32f4xx_hal_msp.c
 
Finished building: E:/code/STM32F4/01_GPIO/Core/Src/stm32f4xx_it.c
 
Building target: 01_GPIO.elf
Invoking: MCU GCC Linker
arm-none-eabi-gcc -mcpu=cortex-m4 -mthumb -mfloat-abi=hard -mfpu=fpv4-sp-d16 -specs=nosys.specs -specs=nano.specs -T"../STM32F411VETx_FLASH.ld" -Wl,-Map=output.map -Wl,--gc-sections -o "01_GPIO.elf" @"objects.list"   -lm
Finished building target: 01_GPIO.elf
 
make --no-print-directory post-build
Generating hex and Printing size information:
arm-none-eabi-objcopy -O ihex 01_GPIO.elf 01_GPIO.hex
arm-none-eabi-size 01_GPIO.elf
   text	   data	    bss	    dec	    hex	filename
   4388	     20	   1572	   5980	   175c	01_GPIO.elf
arm-none-eabi-objcopy -O binary 01_GPIO.elf 01_GPIO.bin
 
00:02:03 **** Incremental Build of configuration Debug for project 01_GPIO ****
make -j4 all 
Building file: E:/code/STM32F4/01_GPIO/Drivers/STM32F4xx_HAL_Driver/Src/stm32f4xx_hal.c
Building file: E:/code/STM32F4/01_GPIO/Drivers/STM32F4xx_HAL_Driver/Src/stm32f4xx_hal_cortex.c
Building file: E:/code/STM32F4/01_GPIO/Drivers/STM32F4xx_HAL_Driver/Src/stm32f4xx_hal_dma_ex.c
Building file: E:/code/STM32F4/01_GPIO/Drivers/STM32F4xx_HAL_Driver/Src/stm32f4xx_hal_dma.c
Invoking: MCU GCC Compiler
Invoking: MCU GCC Compiler
Invoking: MCU GCC Compiler
Invoking: MCU GCC Compiler
E:\code\STM32F4\01_GPIO\SW4STM32\01_GPIO\Debug
E:\code\STM32F4\01_GPIO\SW4STM32\01_GPIO\Debug
E:\code\STM32F4\01_GPIO\SW4STM32\01_GPIO\Debug
E:\code\STM32F4\01_GPIO\SW4STM32\01_GPIO\Debug
arm-none-eabi-gcc -mcpu=cortex-m4 -mthumb -mfloat-abi=hard -mfpu=fpv4-sp-d16 -DUSE_HAL_DRIVER -DSTM32F411xE -I"E:/code/STM32F4/01_GPIO/Core/Inc" -I"E:/code/STM32F4/01_GPIO/Drivers/STM32F4xx_HAL_Driver/Inc" -I"E:/code/STM32F4/01_GPIO/Drivers/STM32F4xx_HAL_Driver/Inc/Legacy" -I"E:/code/STM32F4/01_GPIO/Drivers/CMSIS/Device/ST/STM32F4xx/Include" -I"E:/code/STM32F4/01_GPIO/Drivers/CMSIS/Include"  -Og -g3 -Wall -fmessage-length=0 -ffunction-sections -c -fmessage-length=0 -MMD -MP -MF"Drivers/STM32F4xx_HAL_Driver/stm32f4xx_hal_cortex.d" -MT"Drivers/STM32F4xx_HAL_Driver/stm32f4xx_hal_cortex.o" -o "Drivers/STM32F4xx_HAL_Driver/stm32f4xx_hal_cortex.o" "E:/code/STM32F4/01_GPIO/Drivers/STM32F4xx_HAL_Driver/Src/stm32f4xx_hal_cortex.c"
arm-none-eabi-gcc -mcpu=cortex-m4 -mthumb -mfloat-abi=hard -mfpu=fpv4-sp-d16 -DUSE_HAL_DRIVER -DSTM32F411xE -I"E:/code/STM32F4/01_GPIO/Core/Inc" -I"E:/code/STM32F4/01_GPIO/Drivers/STM32F4xx_HAL_Driver/Inc" -I"E:/code/STM32F4/01_GPIO/Drivers/STM32F4xx_HAL_Driver/Inc/Legacy" -I"E:/code/STM32F4/01_GPIO/Drivers/CMSIS/Device/ST/STM32F4xx/Include" -I"E:/code/STM32F4/01_GPIO/Drivers/CMSIS/Include"  -Og -g3 -Wall -fmessage-length=0 -ffunction-sections -c -fmessage-length=0 -MMD -MP -MF"Drivers/STM32F4xx_HAL_Driver/stm32f4xx_hal_dma.d" -MT"Drivers/STM32F4xx_HAL_Driver/stm32f4xx_hal_dma.o" -o "Drivers/STM32F4xx_HAL_Driver/stm32f4xx_hal_dma.o" "E:/code/STM32F4/01_GPIO/Drivers/STM32F4xx_HAL_Driver/Src/stm32f4xx_hal_dma.c"
arm-none-eabi-gcc -mcpu=cortex-m4 -mthumb -mfloat-abi=hard -mfpu=fpv4-sp-d16 -DUSE_HAL_DRIVER -DSTM32F411xE -I"E:/code/STM32F4/01_GPIO/Core/Inc" -I"E:/code/STM32F4/01_GPIO/Drivers/STM32F4xx_HAL_Driver/Inc" -I"E:/code/STM32F4/01_GPIO/Drivers/STM32F4xx_HAL_Driver/Inc/Legacy" -I"E:/code/STM32F4/01_GPIO/Drivers/CMSIS/Device/ST/STM32F4xx/Include" -I"E:/code/STM32F4/01_GPIO/Drivers/CMSIS/Include"  -Og -g3 -Wall -fmessage-length=0 -ffunction-sections -c -fmessage-length=0 -MMD -MP -MF"Drivers/STM32F4xx_HAL_Driver/stm32f4xx_hal.d" -MT"Drivers/STM32F4xx_HAL_Driver/stm32f4xx_hal.o" -o "Drivers/STM32F4xx_HAL_Driver/stm32f4xx_hal.o" "E:/code/STM32F4/01_GPIO/Drivers/STM32F4xx_HAL_Driver/Src/stm32f4xx_hal.c"
arm-none-eabi-gcc -mcpu=cortex-m4 -mthumb -mfloat-abi=hard -mfpu=fpv4-sp-d16 -DUSE_HAL_DRIVER -DSTM32F411xE -I"E:/code/STM32F4/01_GPIO/Core/Inc" -I"E:/code/STM32F4/01_GPIO/Drivers/STM32F4xx_HAL_Driver/Inc" -I"E:/code/STM32F4/01_GPIO/Drivers/STM32F4xx_HAL_Driver/Inc/Legacy" -I"E:/code/STM32F4/01_GPIO/Drivers/CMSIS/Device/ST/STM32F4xx/Include" -I"E:/code/STM32F4/01_GPIO/Drivers/CMSIS/Include"  -Og -g3 -Wall -fmessage-length=0 -ffunction-sections -c -fmessage-length=0 -MMD -MP -MF"Drivers/STM32F4xx_HAL_Driver/stm32f4xx_hal_dma_ex.d" -MT"Drivers/STM32F4xx_HAL_Driver/stm32f4xx_hal_dma_ex.o" -o "Drivers/STM32F4xx_HAL_Driver/stm32f4xx_hal_dma_ex.o" "E:/code/STM32F4/01_GPIO/Drivers/STM32F4xx_HAL_Driver/Src/stm32f4xx_hal_dma_ex.c"
Finished building: E:/code/STM32F4/01_GPIO/Drivers/STM32F4xx_HAL_Driver/Src/stm32f4xx_hal.c
Finished building: E:/code/STM32F4/01_GPIO/Drivers/STM32F4xx_HAL_Driver/Src/stm32f4xx_hal_cortex.c
 
 
Finished building: E:/code/STM32F4/01_GPIO/Drivers/STM32F4xx_HAL_Driver/Src/stm32f4xx_hal_dma.c
Building file: E:/code/STM32F4/01_GPIO/Drivers/STM32F4xx_HAL_Driver/Src/stm32f4xx_hal_exti.c
Building file: E:/code/STM32F4/01_GPIO/Drivers/STM32F4xx_HAL_Driver/Src/stm32f4xx_hal_flash.c
Finished building: E:/code/STM32F4/01_GPIO/Drivers/STM32F4xx_HAL_Driver/Src/stm32f4xx_hal_dma_ex.c
Invoking: MCU GCC Compiler
 
Invoking: MCU GCC Compiler
E:\code\STM32F4\01_GPIO\SW4STM32\01_GPIO\Debug
E:\code\STM32F4\01_GPIO\SW4STM32\01_GPIO\Debug
 
Building file: E:/code/STM32F4/01_GPIO/Drivers/STM32F4xx_HAL_Driver/Src/stm32f4xx_hal_flash_ex.c
arm-none-eabi-gcc -mcpu=cortex-m4 -mthumb -mfloat-abi=hard -mfpu=fpv4-sp-d16 -DUSE_HAL_DRIVER -DSTM32F411xE -I"E:/code/STM32F4/01_GPIO/Core/Inc" -I"E:/code/STM32F4/01_GPIO/Drivers/STM32F4xx_HAL_Driver/Inc" -I"E:/code/STM32F4/01_GPIO/Drivers/STM32F4xx_HAL_Driver/Inc/Legacy" -I"E:/code/STM32F4/01_GPIO/Drivers/CMSIS/Device/ST/STM32F4xx/Include" -I"E:/code/STM32F4/01_GPIO/Drivers/CMSIS/Include"  -Og -g3 -Wall -fmessage-length=0 -ffunction-sections -c -fmessage-length=0 -MMD -MP -MF"Drivers/STM32F4xx_HAL_Driver/stm32f4xx_hal_flash.d" -MT"Drivers/STM32F4xx_HAL_Driver/stm32f4xx_hal_flash.o" -o "Drivers/STM32F4xx_HAL_Driver/stm32f4xx_hal_flash.o" "E:/code/STM32F4/01_GPIO/Drivers/STM32F4xx_HAL_Driver/Src/stm32f4xx_hal_flash.c"
arm-none-eabi-gcc -mcpu=cortex-m4 -mthumb -mfloat-abi=hard -mfpu=fpv4-sp-d16 -DUSE_HAL_DRIVER -DSTM32F411xE -I"E:/code/STM32F4/01_GPIO/Core/Inc" -I"E:/code/STM32F4/01_GPIO/Drivers/STM32F4xx_HAL_Driver/Inc" -I"E:/code/STM32F4/01_GPIO/Drivers/STM32F4xx_HAL_Driver/Inc/Legacy" -I"E:/code/STM32F4/01_GPIO/Drivers/CMSIS/Device/ST/STM32F4xx/Include" -I"E:/code/STM32F4/01_GPIO/Drivers/CMSIS/Include"  -Og -g3 -Wall -fmessage-length=0 -ffunction-sections -c -fmessage-length=0 -MMD -MP -MF"Drivers/STM32F4xx_HAL_Driver/stm32f4xx_hal_exti.d" -MT"Drivers/STM32F4xx_HAL_Driver/stm32f4xx_hal_exti.o" -o "Drivers/STM32F4xx_HAL_Driver/stm32f4xx_hal_exti.o" "E:/code/STM32F4/01_GPIO/Drivers/STM32F4xx_HAL_Driver/Src/stm32f4xx_hal_exti.c"
Building file: E:/code/STM32F4/01_GPIO/Drivers/STM32F4xx_HAL_Driver/Src/stm32f4xx_hal_flash_ramfunc.c
Invoking: MCU GCC Compiler
Invoking: MCU GCC Compiler
E:\code\STM32F4\01_GPIO\SW4STM32\01_GPIO\Debug
E:\code\STM32F4\01_GPIO\SW4STM32\01_GPIO\Debug
arm-none-eabi-gcc -mcpu=cortex-m4 -mthumb -mfloat-abi=hard -mfpu=fpv4-sp-d16 -DUSE_HAL_DRIVER -DSTM32F411xE -I"E:/code/STM32F4/01_GPIO/Core/Inc" -I"E:/code/STM32F4/01_GPIO/Drivers/STM32F4xx_HAL_Driver/Inc" -I"E:/code/STM32F4/01_GPIO/Drivers/STM32F4xx_HAL_Driver/Inc/Legacy" -I"E:/code/STM32F4/01_GPIO/Drivers/CMSIS/Device/ST/STM32F4xx/Include" -I"E:/code/STM32F4/01_GPIO/Drivers/CMSIS/Include"  -Og -g3 -Wall -fmessage-length=0 -ffunction-sections -c -fmessage-length=0 -MMD -MP -MF"Drivers/STM32F4xx_HAL_Driver/stm32f4xx_hal_flash_ex.d" -MT"Drivers/STM32F4xx_HAL_Driver/stm32f4xx_hal_flash_ex.o" -o "Drivers/STM32F4xx_HAL_Driver/stm32f4xx_hal_flash_ex.o" "E:/code/STM32F4/01_GPIO/Drivers/STM32F4xx_HAL_Driver/Src/stm32f4xx_hal_flash_ex.c"
arm-none-eabi-gcc -mcpu=cortex-m4 -mthumb -mfloat-abi=hard -mfpu=fpv4-sp-d16 -DUSE_HAL_DRIVER -DSTM32F411xE -I"E:/code/STM32F4/01_GPIO/Core/Inc" -I"E:/code/STM32F4/01_GPIO/Drivers/STM32F4xx_HAL_Driver/Inc" -I"E:/code/STM32F4/01_GPIO/Drivers/STM32F4xx_HAL_Driver/Inc/Legacy" -I"E:/code/STM32F4/01_GPIO/Drivers/CMSIS/Device/ST/STM32F4xx/Include" -I"E:/code/STM32F4/01_GPIO/Drivers/CMSIS/Include"  -Og -g3 -Wall -fmessage-length=0 -ffunction-sections -c -fmessage-length=0 -MMD -MP -MF"Drivers/STM32F4xx_HAL_Driver/stm32f4xx_hal_flash_ramfunc.d" -MT"Drivers/STM32F4xx_HAL_Driver/stm32f4xx_hal_flash_ramfunc.o" -o "Drivers/STM32F4xx_HAL_Driver/stm32f4xx_hal_flash_ramfunc.o" "E:/code/STM32F4/01_GPIO/Drivers/STM32F4xx_HAL_Driver/Src/stm32f4xx_hal_flash_ramfunc.c"
Finished building: E:/code/STM32F4/01_GPIO/Drivers/STM32F4xx_HAL_Driver/Src/stm32f4xx_hal_exti.c
Finished building: E:/code/STM32F4/01_GPIO/Drivers/STM32F4xx_HAL_Driver/Src/stm32f4xx_hal_flash.c
 
 
Building file: E:/code/STM32F4/01_GPIO/Drivers/STM32F4xx_HAL_Driver/Src/stm32f4xx_hal_gpio.c
Building file: E:/code/STM32F4/01_GPIO/Drivers/STM32F4xx_HAL_Driver/Src/stm32f4xx_hal_pwr.c
Invoking: MCU GCC Compiler
Invoking: MCU GCC Compiler
E:\code\STM32F4\01_GPIO\SW4STM32\01_GPIO\Debug
arm-none-eabi-gcc -mcpu=cortex-m4 -mthumb -mfloat-abi=hard -mfpu=fpv4-sp-d16 -DUSE_HAL_DRIVER -DSTM32F411xE -I"E:/code/STM32F4/01_GPIO/Core/Inc" -I"E:/code/STM32F4/01_GPIO/Drivers/STM32F4xx_HAL_Driver/Inc" -I"E:/code/STM32F4/01_GPIO/Drivers/STM32F4xx_HAL_Driver/Inc/Legacy" -I"E:/code/STM32F4/01_GPIO/Drivers/CMSIS/Device/ST/STM32F4xx/Include" -I"E:/code/STM32F4/01_GPIO/Drivers/CMSIS/Include"  -Og -g3 -Wall -fmessage-length=0 -ffunction-sections -c -fmessage-length=0 -MMD -MP -MF"Drivers/STM32F4xx_HAL_Driver/stm32f4xx_hal_gpio.d" -MT"Drivers/STM32F4xx_HAL_Driver/stm32f4xx_hal_gpio.o" -o "Drivers/STM32F4xx_HAL_Driver/stm32f4xx_hal_gpio.o" "E:/code/STM32F4/01_GPIO/Drivers/STM32F4xx_HAL_Driver/Src/stm32f4xx_hal_gpio.c"
E:\code\STM32F4\01_GPIO\SW4STM32\01_GPIO\Debug
arm-none-eabi-gcc -mcpu=cortex-m4 -mthumb -mfloat-abi=hard -mfpu=fpv4-sp-d16 -DUSE_HAL_DRIVER -DSTM32F411xE -I"E:/code/STM32F4/01_GPIO/Core/Inc" -I"E:/code/STM32F4/01_GPIO/Drivers/STM32F4xx_HAL_Driver/Inc" -I"E:/code/STM32F4/01_GPIO/Drivers/STM32F4xx_HAL_Driver/Inc/Legacy" -I"E:/code/STM32F4/01_GPIO/Drivers/CMSIS/Device/ST/STM32F4xx/Include" -I"E:/code/STM32F4/01_GPIO/Drivers/CMSIS/Include"  -Og -g3 -Wall -fmessage-length=0 -ffunction-sections -c -fmessage-length=0 -MMD -MP -MF"Drivers/STM32F4xx_HAL_Driver/stm32f4xx_hal_pwr.d" -MT"Drivers/STM32F4xx_HAL_Driver/stm32f4xx_hal_pwr.o" -o "Drivers/STM32F4xx_HAL_Driver/stm32f4xx_hal_pwr.o" "E:/code/STM32F4/01_GPIO/Drivers/STM32F4xx_HAL_Driver/Src/stm32f4xx_hal_pwr.c"
Finished building: E:/code/STM32F4/01_GPIO/Drivers/STM32F4xx_HAL_Driver/Src/stm32f4xx_hal_flash_ex.c
Finished building: E:/code/STM32F4/01_GPIO/Drivers/STM32F4xx_HAL_Driver/Src/stm32f4xx_hal_flash_ramfunc.c
 
 
Building file: E:/code/STM32F4/01_GPIO/Drivers/STM32F4xx_HAL_Driver/Src/stm32f4xx_hal_pwr_ex.c
Building file: E:/code/STM32F4/01_GPIO/Drivers/STM32F4xx_HAL_Driver/Src/stm32f4xx_hal_rcc.c
Invoking: MCU GCC Compiler
Invoking: MCU GCC Compiler
E:\code\STM32F4\01_GPIO\SW4STM32\01_GPIO\Debug
arm-none-eabi-gcc -mcpu=cortex-m4 -mthumb -mfloat-abi=hard -mfpu=fpv4-sp-d16 -DUSE_HAL_DRIVER -DSTM32F411xE -I"E:/code/STM32F4/01_GPIO/Core/Inc" -I"E:/code/STM32F4/01_GPIO/Drivers/STM32F4xx_HAL_Driver/Inc" -I"E:/code/STM32F4/01_GPIO/Drivers/STM32F4xx_HAL_Driver/Inc/Legacy" -I"E:/code/STM32F4/01_GPIO/Drivers/CMSIS/Device/ST/STM32F4xx/Include" -I"E:/code/STM32F4/01_GPIO/Drivers/CMSIS/Include"  -Og -g3 -Wall -fmessage-length=0 -ffunction-sections -c -fmessage-length=0 -MMD -MP -MF"Drivers/STM32F4xx_HAL_Driver/stm32f4xx_hal_pwr_ex.d" -MT"Drivers/STM32F4xx_HAL_Driver/stm32f4xx_hal_pwr_ex.o" -o "Drivers/STM32F4xx_HAL_Driver/stm32f4xx_hal_pwr_ex.o" "E:/code/STM32F4/01_GPIO/Drivers/STM32F4xx_HAL_Driver/Src/stm32f4xx_hal_pwr_ex.c"
E:\code\STM32F4\01_GPIO\SW4STM32\01_GPIO\Debug
arm-none-eabi-gcc -mcpu=cortex-m4 -mthumb -mfloat-abi=hard -mfpu=fpv4-sp-d16 -DUSE_HAL_DRIVER -DSTM32F411xE -I"E:/code/STM32F4/01_GPIO/Core/Inc" -I"E:/code/STM32F4/01_GPIO/Drivers/STM32F4xx_HAL_Driver/Inc" -I"E:/code/STM32F4/01_GPIO/Drivers/STM32F4xx_HAL_Driver/Inc/Legacy" -I"E:/code/STM32F4/01_GPIO/Drivers/CMSIS/Device/ST/STM32F4xx/Include" -I"E:/code/STM32F4/01_GPIO/Drivers/CMSIS/Include"  -Og -g3 -Wall -fmessage-length=0 -ffunction-sections -c -fmessage-length=0 -MMD -MP -MF"Drivers/STM32F4xx_HAL_Driver/stm32f4xx_hal_rcc.d" -MT"Drivers/STM32F4xx_HAL_Driver/stm32f4xx_hal_rcc.o" -o "Drivers/STM32F4xx_HAL_Driver/stm32f4xx_hal_rcc.o" "E:/code/STM32F4/01_GPIO/Drivers/STM32F4xx_HAL_Driver/Src/stm32f4xx_hal_rcc.c"
Finished building: E:/code/STM32F4/01_GPIO/Drivers/STM32F4xx_HAL_Driver/Src/stm32f4xx_hal_pwr.c
Finished building: E:/code/STM32F4/01_GPIO/Drivers/STM32F4xx_HAL_Driver/Src/stm32f4xx_hal_gpio.c
 
 
Building file: E:/code/STM32F4/01_GPIO/Drivers/STM32F4xx_HAL_Driver/Src/stm32f4xx_hal_rcc_ex.c
Building file: E:/code/STM32F4/01_GPIO/Drivers/STM32F4xx_HAL_Driver/Src/stm32f4xx_hal_tim.c
Invoking: MCU GCC Compiler
Invoking: MCU GCC Compiler
E:\code\STM32F4\01_GPIO\SW4STM32\01_GPIO\Debug
arm-none-eabi-gcc -mcpu=cortex-m4 -mthumb -mfloat-abi=hard -mfpu=fpv4-sp-d16 -DUSE_HAL_DRIVER -DSTM32F411xE -I"E:/code/STM32F4/01_GPIO/Core/Inc" -I"E:/code/STM32F4/01_GPIO/Drivers/STM32F4xx_HAL_Driver/Inc" -I"E:/code/STM32F4/01_GPIO/Drivers/STM32F4xx_HAL_Driver/Inc/Legacy" -I"E:/code/STM32F4/01_GPIO/Drivers/CMSIS/Device/ST/STM32F4xx/Include" -I"E:/code/STM32F4/01_GPIO/Drivers/CMSIS/Include"  -Og -g3 -Wall -fmessage-length=0 -ffunction-sections -c -fmessage-length=0 -MMD -MP -MF"Drivers/STM32F4xx_HAL_Driver/stm32f4xx_hal_rcc_ex.d" -MT"Drivers/STM32F4xx_HAL_Driver/stm32f4xx_hal_rcc_ex.o" -o "Drivers/STM32F4xx_HAL_Driver/stm32f4xx_hal_rcc_ex.o" "E:/code/STM32F4/01_GPIO/Drivers/STM32F4xx_HAL_Driver/Src/stm32f4xx_hal_rcc_ex.c"
E:\code\STM32F4\01_GPIO\SW4STM32\01_GPIO\Debug
arm-none-eabi-gcc -mcpu=cortex-m4 -mthumb -mfloat-abi=hard -mfpu=fpv4-sp-d16 -DUSE_HAL_DRIVER -DSTM32F411xE -I"E:/code/STM32F4/01_GPIO/Core/Inc" -I"E:/code/STM32F4/01_GPIO/Drivers/STM32F4xx_HAL_Driver/Inc" -I"E:/code/STM32F4/01_GPIO/Drivers/STM32F4xx_HAL_Driver/Inc/Legacy" -I"E:/code/STM32F4/01_GPIO/Drivers/CMSIS/Device/ST/STM32F4xx/Include" -I"E:/code/STM32F4/01_GPIO/Drivers/CMSIS/Include"  -Og -g3 -Wall -fmessage-length=0 -ffunction-sections -c -fmessage-length=0 -MMD -MP -MF"Drivers/STM32F4xx_HAL_Driver/stm32f4xx_hal_tim.d" -MT"Drivers/STM32F4xx_HAL_Driver/stm32f4xx_hal_tim.o" -o "Drivers/STM32F4xx_HAL_Driver/stm32f4xx_hal_tim.o" "E:/code/STM32F4/01_GPIO/Drivers/STM32F4xx_HAL_Driver/Src/stm32f4xx_hal_tim.c"
Finished building: E:/code/STM32F4/01_GPIO/Drivers/STM32F4xx_HAL_Driver/Src/stm32f4xx_hal_pwr_ex.c
 
Building file: E:/code/STM32F4/01_GPIO/Drivers/STM32F4xx_HAL_Driver/Src/stm32f4xx_hal_tim_ex.c
Invoking: MCU GCC Compiler
Finished building: E:/code/STM32F4/01_GPIO/Drivers/STM32F4xx_HAL_Driver/Src/stm32f4xx_hal_rcc.c
E:\code\STM32F4\01_GPIO\SW4STM32\01_GPIO\Debug
 
arm-none-eabi-gcc -mcpu=cortex-m4 -mthumb -mfloat-abi=hard -mfpu=fpv4-sp-d16 -DUSE_HAL_DRIVER -DSTM32F411xE -I"E:/code/STM32F4/01_GPIO/Core/Inc" -I"E:/code/STM32F4/01_GPIO/Drivers/STM32F4xx_HAL_Driver/Inc" -I"E:/code/STM32F4/01_GPIO/Drivers/STM32F4xx_HAL_Driver/Inc/Legacy" -I"E:/code/STM32F4/01_GPIO/Drivers/CMSIS/Device/ST/STM32F4xx/Include" -I"E:/code/STM32F4/01_GPIO/Drivers/CMSIS/Include"  -Og -g3 -Wall -fmessage-length=0 -ffunction-sections -c -fmessage-length=0 -MMD -MP -MF"Drivers/STM32F4xx_HAL_Driver/stm32f4xx_hal_tim_ex.d" -MT"Drivers/STM32F4xx_HAL_Driver/stm32f4xx_hal_tim_ex.o" -o "Drivers/STM32F4xx_HAL_Driver/stm32f4xx_hal_tim_ex.o" "E:/code/STM32F4/01_GPIO/Drivers/STM32F4xx_HAL_Driver/Src/stm32f4xx_hal_tim_ex.c"
Building file: E:/code/STM32F4/01_GPIO/Core/Src/system_stm32f4xx.c
Invoking: MCU GCC Compiler
E:\code\STM32F4\01_GPIO\SW4STM32\01_GPIO\Debug
[...]
Finished building: E:/code/STM32F4/02_ADC/Drivers/STM32F4xx_HAL_Driver/Src/stm32f4xx_hal_adc.c
Finished building: E:/code/STM32F4/02_ADC/Drivers/STM32F4xx_HAL_Driver/Src/stm32f4xx_hal.c
Finished building: E:/code/STM32F4/02_ADC/Drivers/STM32F4xx_HAL_Driver/Src/stm32f4xx_hal_adc_ex.c
 
 
 
Finished building: E:/code/STM32F4/02_ADC/Drivers/STM32F4xx_HAL_Driver/Src/stm32f4xx_hal_cortex.c
Building file: E:/code/STM32F4/02_ADC/Drivers/STM32F4xx_HAL_Driver/Src/stm32f4xx_hal_dma.c
Building file: E:/code/STM32F4/02_ADC/Drivers/STM32F4xx_HAL_Driver/Src/stm32f4xx_hal_dma_ex.c
Building file: E:/code/STM32F4/02_ADC/Drivers/STM32F4xx_HAL_Driver/Src/stm32f4xx_hal_exti.c
 
Invoking: MCU GCC Compiler
Invoking: MCU GCC Compiler
Invoking: MCU GCC Compiler
Building file: E:/code/STM32F4/02_ADC/Drivers/STM32F4xx_HAL_Driver/Src/stm32f4xx_hal_flash.c
E:\code\STM32F4\02_ADC\SW4STM32\02_ADC\Debug
E:\code\STM32F4\02_ADC\SW4STM32\02_ADC\Debug
arm-none-eabi-gcc -mcpu=cortex-m4 -mthumb -mfloat-abi=hard -mfpu=fpv4-sp-d16 -DUSE_HAL_DRIVER -DSTM32F411xE -I"E:/code/STM32F4/02_ADC/Core/Inc" -I"E:/code/STM32F4/02_ADC/Drivers/STM32F4xx_HAL_Driver/Inc" -I"E:/code/STM32F4/02_ADC/Drivers/STM32F4xx_HAL_Driver/Inc/Legacy" -I"E:/code/STM32F4/02_ADC/Drivers/CMSIS/Device/ST/STM32F4xx/Include" -I"E:/code/STM32F4/02_ADC/Drivers/CMSIS/Include"  -Og -g3 -Wall -fmessage-length=0 -ffunction-sections -c -fmessage-length=0 -MMD -MP -MF"Drivers/STM32F4xx_HAL_Driver/stm32f4xx_hal_dma.d" -MT"Drivers/STM32F4xx_HAL_Driver/stm32f4xx_hal_dma.o" -o "Drivers/STM32F4xx_HAL_Driver/stm32f4xx_hal_dma.o" "E:/code/STM32F4/02_ADC/Drivers/STM32F4xx_HAL_Driver/Src/stm32f4xx_hal_dma.c"
E:\code\STM32F4\02_ADC\SW4STM32\02_ADC\Debug
arm-none-eabi-gcc -mcpu=cortex-m4 -mthumb -mfloat-abi=hard -mfpu=fpv4-sp-d16 -DUSE_HAL_DRIVER -DSTM32F411xE -I"E:/code/STM32F4/02_ADC/Core/Inc" -I"E:/code/STM32F4/02_ADC/Drivers/STM32F4xx_HAL_Driver/Inc" -I"E:/code/STM32F4/02_ADC/Drivers/STM32F4xx_HAL_Driver/Inc/Legacy" -I"E:/code/STM32F4/02_ADC/Drivers/CMSIS/Device/ST/STM32F4xx/Include" -I"E:/code/STM32F4/02_ADC/Drivers/CMSIS/Include"  -Og -g3 -Wall -fmessage-length=0 -ffunction-sections -c -fmessage-length=0 -MMD -MP -MF"Drivers/STM32F4xx_HAL_Driver/stm32f4xx_hal_dma_ex.d" -MT"Drivers/STM32F4xx_HAL_Driver/stm32f4xx_hal_dma_ex.o" -o "Drivers/STM32F4xx_HAL_Driver/stm32f4xx_hal_dma_ex.o" "E:/code/STM32F4/02_ADC/Drivers/STM32F4xx_HAL_Driver/Src/stm32f4xx_hal_dma_ex.c"
Invoking: MCU GCC Compiler
arm-none-eabi-gcc -mcpu=cortex-m4 -mthumb -mfloat-abi=hard -mfpu=fpv4-sp-d16 -DUSE_HAL_DRIVER -DSTM32F411xE -I"E:/code/STM32F4/02_ADC/Core/Inc" -I"E:/code/STM32F4/02_ADC/Drivers/STM32F4xx_HAL_Driver/Inc" -I"E:/code/STM32F4/02_ADC/Drivers/STM32F4xx_HAL_Driver/Inc/Legacy" -I"E:/code/STM32F4/02_ADC/Drivers/CMSIS/Device/ST/STM32F4xx/Include" -I"E:/code/STM32F4/02_ADC/Drivers/CMSIS/Include"  -Og -g3 -Wall -fmessage-length=0 -ffunction-sections -c -fmessage-length=0 -MMD -MP -MF"Drivers/STM32F4xx_HAL_Driver/stm32f4xx_hal_exti.d" -MT"Drivers/STM32F4xx_HAL_Driver/stm32f4xx_hal_exti.o" -o "Drivers/STM32F4xx_HAL_Driver/stm32f4xx_hal_exti.o" "E:/code/STM32F4/02_ADC/Drivers/STM32F4xx_HAL_Driver/Src/stm32f4xx_hal_exti.c"
E:\code\STM32F4\02_ADC\SW4STM32\02_ADC\Debug
arm-none-eabi-gcc -mcpu=cortex-m4 -mthumb -mfloat-abi=hard -mfpu=fpv4-sp-d16 -DUSE_HAL_DRIVER -DSTM32F411xE -I"E:/code/STM32F4/02_ADC/Core/Inc" -I"E:/code/STM32F4/02_ADC/Drivers/STM32F4xx_HAL_Driver/Inc" -I"E:/code/STM32F4/02_ADC/Drivers/STM32F4xx_HAL_Driver/Inc/Legacy" -I"E:/code/STM32F4/02_ADC/Drivers/CMSIS/Device/ST/STM32F4xx/Include" -I"E:/code/STM32F4/02_ADC/Drivers/CMSIS/Include"  -Og -g3 -Wall -fmessage-length=0 -ffunction-sections -c -fmessage-length=0 -MMD -MP -MF"Drivers/STM32F4xx_HAL_Driver/stm32f4xx_hal_flash.d" -MT"Drivers/STM32F4xx_HAL_Driver/stm32f4xx_hal_flash.o" -o "Drivers/STM32F4xx_HAL_Driver/stm32f4xx_hal_flash.o" "E:/code/STM32F4/02_ADC/Drivers/STM32F4xx_HAL_Driver/Src/stm32f4xx_hal_flash.c"
Finished building: E:/code/STM32F4/02_ADC/Drivers/STM32F4xx_HAL_Driver/Src/stm32f4xx_hal_exti.c
 
Building file: E:/code/STM32F4/02_ADC/Drivers/STM32F4xx_HAL_Driver/Src/stm32f4xx_hal_flash_ex.c
Finished building: E:/code/STM32F4/02_ADC/Drivers/STM32F4xx_HAL_Driver/Src/stm32f4xx_hal_dma.c
 
Invoking: MCU GCC Compiler
Finished building: E:/code/STM32F4/02_ADC/Drivers/STM32F4xx_HAL_Driver/Src/stm32f4xx_hal_flash.c
Finished building: E:/code/STM32F4/02_ADC/Drivers/STM32F4xx_HAL_Driver/Src/stm32f4xx_hal_dma_ex.c
E:\code\STM32F4\02_ADC\SW4STM32\02_ADC\Debug
 
Building file: E:/code/STM32F4/02_ADC/Drivers/STM32F4xx_HAL_Driver/Src/stm32f4xx_hal_flash_ramfunc.c
arm-none-eabi-gcc -mcpu=cortex-m4 -mthumb -mfloat-abi=hard -mfpu=fpv4-sp-d16 -DUSE_HAL_DRIVER -DSTM32F411xE -I"E:/code/STM32F4/02_ADC/Core/Inc" -I"E:/code/STM32F4/02_ADC/Drivers/STM32F4xx_HAL_Driver/Inc" -I"E:/code/STM32F4/02_ADC/Drivers/STM32F4xx_HAL_Driver/Inc/Legacy" -I"E:/code/STM32F4/02_ADC/Drivers/CMSIS/Device/ST/STM32F4xx/Include" -I"E:/code/STM32F4/02_ADC/Drivers/CMSIS/Include"  -Og -g3 -Wall -fmessage-length=0 -ffunction-sections -c -fmessage-length=0 -MMD -MP -MF"Drivers/STM32F4xx_HAL_Driver/stm32f4xx_hal_flash_ex.d" -MT"Drivers/STM32F4xx_HAL_Driver/stm32f4xx_hal_flash_ex.o" -o "Drivers/STM32F4xx_HAL_Driver/stm32f4xx_hal_flash_ex.o" "E:/code/STM32F4/02_ADC/Drivers/STM32F4xx_HAL_Driver/Src/stm32f4xx_hal_flash_ex.c"
 
Building file: E:/code/STM32F4/02_ADC/Drivers/STM32F4xx_HAL_Driver/Src/stm32f4xx_hal_gpio.c
Building file: E:/code/STM32F4/02_ADC/Drivers/STM32F4xx_HAL_Driver/Src/stm32f4xx_hal_pwr.c
Invoking: MCU GCC Compiler
Invoking: MCU GCC Compiler
E:\code\STM32F4\02_ADC\SW4STM32\02_ADC\Debug
Invoking: MCU GCC Compiler
arm-none-eabi-gcc -mcpu=cortex-m4 -mthumb -mfloat-abi=hard -mfpu=fpv4-sp-d16 -DUSE_HAL_DRIVER -DSTM32F411xE -I"E:/code/STM32F4/02_ADC/Core/Inc" -I"E:/code/STM32F4/02_ADC/Drivers/STM32F4xx_HAL_Driver/Inc" -I"E:/code/STM32F4/02_ADC/Drivers/STM32F4xx_HAL_Driver/Inc/Legacy" -I"E:/code/STM32F4/02_ADC/Drivers/CMSIS/Device/ST/STM32F4xx/Include" -I"E:/code/STM32F4/02_ADC/Drivers/CMSIS/Include"  -Og -g3 -Wall -fmessage-length=0 -ffunction-sections -c -fmessage-length=0 -MMD -MP -MF"Drivers/STM32F4xx_HAL_Driver/stm32f4xx_hal_flash_ramfunc.d" -MT"Drivers/STM32F4xx_HAL_Driver/stm32f4xx_hal_flash_ramfunc.o" -o "Drivers/STM32F4xx_HAL_Driver/stm32f4xx_hal_flash_ramfunc.o" "E:/code/STM32F4/02_ADC/Drivers/STM32F4xx_HAL_Driver/Src/stm32f4xx_hal_flash_ramfunc.c"
E:\code\STM32F4\02_ADC\SW4STM32\02_ADC\Debug
E:\code\STM32F4\02_ADC\SW4STM32\02_ADC\Debug
arm-none-eabi-gcc -mcpu=cortex-m4 -mthumb -mfloat-abi=hard -mfpu=fpv4-sp-d16 -DUSE_HAL_DRIVER -DSTM32F411xE -I"E:/code/STM32F4/02_ADC/Core/Inc" -I"E:/code/STM32F4/02_ADC/Drivers/STM32F4xx_HAL_Driver/Inc" -I"E:/code/STM32F4/02_ADC/Drivers/STM32F4xx_HAL_Driver/Inc/Legacy" -I"E:/code/STM32F4/02_ADC/Drivers/CMSIS/Device/ST/STM32F4xx/Include" -I"E:/code/STM32F4/02_ADC/Drivers/CMSIS/Include"  -Og -g3 -Wall -fmessage-length=0 -ffunction-sections -c -fmessage-length=0 -MMD -MP -MF"Drivers/STM32F4xx_HAL_Driver/stm32f4xx_hal_gpio.d" -MT"Drivers/STM32F4xx_HAL_Driver/stm32f4xx_hal_gpio.o" -o "Drivers/STM32F4xx_HAL_Driver/stm32f4xx_hal_gpio.o" "E:/code/STM32F4/02_ADC/Drivers/STM32F4xx_HAL_Driver/Src/stm32f4xx_hal_gpio.c"
arm-none-eabi-gcc -mcpu=cortex-m4 -mthumb -mfloat-abi=hard -mfpu=fpv4-sp-d16 -DUSE_HAL_DRIVER -DSTM32F411xE -I"E:/code/STM32F4/02_ADC/Core/Inc" -I"E:/code/STM32F4/02_ADC/Drivers/STM32F4xx_HAL_Driver/Inc" -I"E:/code/STM32F4/02_ADC/Drivers/STM32F4xx_HAL_Driver/Inc/Legacy" -I"E:/code/STM32F4/02_ADC/Drivers/CMSIS/Device/ST/STM32F4xx/Include" -I"E:/code/STM32F4/02_ADC/Drivers/CMSIS/Include"  -Og -g3 -Wall -fmessage-length=0 -ffunction-sections -c -fmessage-length=0 -MMD -MP -MF"Drivers/STM32F4xx_HAL_Driver/stm32f4xx_hal_pwr.d" -MT"Drivers/STM32F4xx_HAL_Driver/stm32f4xx_hal_pwr.o" -o "Drivers/STM32F4xx_HAL_Driver/stm32f4xx_hal_pwr.o" "E:/code/STM32F4/02_ADC/Drivers/STM32F4xx_HAL_Driver/Src/stm32f4xx_hal_pwr.c"
Finished building: E:/code/STM32F4/02_ADC/Drivers/STM32F4xx_HAL_Driver/Src/stm32f4xx_hal_flash_ex.c
 
Building file: E:/code/STM32F4/02_ADC/Drivers/STM32F4xx_HAL_Driver/Src/stm32f4xx_hal_pwr_ex.c
Finished building: E:/code/STM32F4/02_ADC/Drivers/STM32F4xx_HAL_Driver/Src/stm32f4xx_hal_flash_ramfunc.c
Invoking: MCU GCC Compiler
 
E:\code\STM32F4\02_ADC\SW4STM32\02_ADC\Debug
Building file: E:/code/STM32F4/02_ADC/Drivers/STM32F4xx_HAL_Driver/Src/stm32f4xx_hal_rcc.c
arm-none-eabi-gcc -mcpu=cortex-m4 -mthumb -mfloat-abi=hard -mfpu=fpv4-sp-d16 -DUSE_HAL_DRIVER -DSTM32F411xE -I"E:/code/STM32F4/02_ADC/Core/Inc" -I"E:/code/STM32F4/02_ADC/Drivers/STM32F4xx_HAL_Driver/Inc" -I"E:/code/STM32F4/02_ADC/Drivers/STM32F4xx_HAL_Driver/Inc/Legacy" -I"E:/code/STM32F4/02_ADC/Drivers/CMSIS/Device/ST/STM32F4xx/Include" -I"E:/code/STM32F4/02_ADC/Drivers/CMSIS/Include"  -Og -g3 -Wall -fmessage-length=0 -ffunction-sections -c -fmessage-length=0 -MMD -MP -MF"Drivers/STM32F4xx_HAL_Driver/stm32f4xx_hal_pwr_ex.d" -MT"Drivers/STM32F4xx_HAL_Driver/stm32f4xx_hal_pwr_ex.o" -o "Drivers/STM32F4xx_HAL_Driver/stm32f4xx_hal_pwr_ex.o" "E:/code/STM32F4/02_ADC/Drivers/STM32F4xx_HAL_Driver/Src/stm32f4xx_hal_pwr_ex.c"
Invoking: MCU GCC Compiler
Finished building: E:/code/STM32F4/02_ADC/Drivers/STM32F4xx_HAL_Driver/Src/stm32f4xx_hal_gpio.c
Finished building: E:/code/STM32F4/02_ADC/Drivers/STM32F4xx_HAL_Driver/Src/stm32f4xx_hal_pwr.c
E:\code\STM32F4\02_ADC\SW4STM32\02_ADC\Debug
 
arm-none-eabi-gcc -mcpu=cortex-m4 -mthumb -mfloat-abi=hard -mfpu=fpv4-sp-d16 -DUSE_HAL_DRIVER -DSTM32F411xE -I"E:/code/STM32F4/02_ADC/Core/Inc" -I"E:/code/STM32F4/02_ADC/Drivers/STM32F4xx_HAL_Driver/Inc" -I"E:/code/STM32F4/02_ADC/Drivers/STM32F4xx_HAL_Driver/Inc/Legacy" -I"E:/code/STM32F4/02_ADC/Drivers/CMSIS/Device/ST/STM32F4xx/Include" -I"E:/code/STM32F4/02_ADC/Drivers/CMSIS/Include"  -Og -g3 -Wall -fmessage-length=0 -ffunction-sections -c -fmessage-length=0 -MMD -MP -MF"Drivers/STM32F4xx_HAL_Driver/stm32f4xx_hal_rcc.d" -MT"Drivers/STM32F4xx_HAL_Driver/stm32f4xx_hal_rcc.o" -o "Drivers/STM32F4xx_HAL_Driver/stm32f4xx_hal_rcc.o" "E:/code/STM32F4/02_ADC/Drivers/STM32F4xx_HAL_Driver/Src/stm32f4xx_hal_rcc.c"
 
Building file: E:/code/STM32F4/02_ADC/Drivers/STM32F4xx_HAL_Driver/Src/stm32f4xx_hal_rcc_ex.c
Building file: E:/code/STM32F4/02_ADC/Drivers/STM32F4xx_HAL_Driver/Src/stm32f4xx_hal_tim.c
Invoking: MCU GCC Compiler
Invoking: MCU GCC Compiler
E:\code\STM32F4\02_ADC\SW4STM32\02_ADC\Debug
arm-none-eabi-gcc -mcpu=cortex-m4 -mthumb -mfloat-abi=hard -mfpu=fpv4-sp-d16 -DUSE_HAL_DRIVER -DSTM32F411xE -I"E:/code/STM32F4/02_ADC/Core/Inc" -I"E:/code/STM32F4/02_ADC/Drivers/STM32F4xx_HAL_Driver/Inc" -I"E:/code/STM32F4/02_ADC/Drivers/STM32F4xx_HAL_Driver/Inc/Legacy" -I"E:/code/STM32F4/02_ADC/Drivers/CMSIS/Device/ST/STM32F4xx/Include" -I"E:/code/STM32F4/02_ADC/Drivers/CMSIS/Include"  -Og -g3 -Wall -fmessage-length=0 -ffunction-sections -c -fmessage-length=0 -MMD -MP -MF"Drivers/STM32F4xx_HAL_Driver/stm32f4xx_hal_rcc_ex.d" -MT"Drivers/STM32F4xx_HAL_Driver/stm32f4xx_hal_rcc_ex.o" -o "Drivers/STM32F4xx_HAL_Driver/stm32f4xx_hal_rcc_ex.o" "E:/code/STM32F4/02_ADC/Drivers/STM32F4xx_HAL_Driver/Src/stm32f4xx_hal_rcc_ex.c"
E:\code\STM32F4\02_ADC\SW4STM32\02_ADC\Debug
arm-none-eabi-gcc -mcpu=cortex-m4 -mthumb -mfloat-abi=hard -mfpu=fpv4-sp-d16 -DUSE_HAL_DRIVER -DSTM32F411xE -I"E:/code/STM32F4/02_ADC/Core/Inc" -I"E:/code/STM32F4/02_ADC/Drivers/STM32F4xx_HAL_Driver/Inc" -I"E:/code/STM32F4/02_ADC/Drivers/STM32F4xx_HAL_Driver/Inc/Legacy" -I"E:/code/STM32F4/02_ADC/Drivers/CMSIS/Device/ST/STM32F4xx/Include" -I"E:/code/STM32F4/02_ADC/Drivers/CMSIS/Include"  -Og -g3 -Wall -fmessage-length=0 -ffunction-sections -c -fmessage-length=0 -MMD -MP -MF"Drivers/STM32F4xx_HAL_Driver/stm32f4xx_hal_tim.d" -MT"Drivers/STM32F4xx_HAL_Driver/stm32f4xx_hal_tim.o" -o "Drivers/STM32F4xx_HAL_Driver/stm32f4xx_hal_tim.o" "E:/code/STM32F4/02_ADC/Drivers/STM32F4xx_HAL_Driver/Src/stm32f4xx_hal_tim.c"
Finished building: E:/code/STM32F4/02_ADC/Drivers/STM32F4xx_HAL_Driver/Src/stm32f4xx_hal_pwr_ex.c
 
Finished building: E:/code/STM32F4/02_ADC/Drivers/STM32F4xx_HAL_Driver/Src/stm32f4xx_hal_rcc.c
Finished building: E:/code/STM32F4/02_ADC/Drivers/STM32F4xx_HAL_Driver/Src/stm32f4xx_hal_tim.c
Building file: E:/code/STM32F4/02_ADC/Drivers/STM32F4xx_HAL_Driver/Src/stm32f4xx_hal_tim_ex.c
 
 
Invoking: MCU GCC Compiler
Building file: E:/code/STM32F4/02_ADC/Drivers/STM32F4xx_HAL_Driver/Src/stm32f4xx_ll_adc.c
Finished building: E:/code/STM32F4/02_ADC/Drivers/STM32F4xx_HAL_Driver/Src/stm32f4xx_hal_rcc_ex.c
Building file: E:/code/STM32F4/02_ADC/Core/Src/system_stm32f4xx.c
E:\code\STM32F4\02_ADC\SW4STM32\02_ADC\Debug
Invoking: MCU GCC Compiler
 
Invoking: MCU GCC Compiler
arm-none-eabi-gcc -mcpu=cortex-m4 -mthumb -mfloat-abi=hard -mfpu=fpv4-sp-d16 -DUSE_HAL_DRIVER -DSTM32F411xE -I"E:/code/STM32F4/02_ADC/Core/Inc" -I"E:/code/STM32F4/02_ADC/Drivers/STM32F4xx_HAL_Driver/Inc" -I"E:/code/STM32F4/02_ADC/Drivers/STM32F4xx_HAL_Driver/Inc/Legacy" -I"E:/code/STM32F4/02_ADC/Drivers/CMSIS/Device/ST/STM32F4xx/Include" -I"E:/code/STM32F4/02_ADC/Drivers/CMSIS/Include"  -Og -g3 -Wall -fmessage-length=0 -ffunction-sections -c -fmessage-length=0 -MMD -MP -MF"Drivers/STM32F4xx_HAL_Driver/stm32f4xx_hal_tim_ex.d" -MT"Drivers/STM32F4xx_HAL_Driver/stm32f4xx_hal_tim_ex.o" -o "Drivers/STM32F4xx_HAL_Driver/stm32f4xx_hal_tim_ex.o" "E:/code/STM32F4/02_ADC/Drivers/STM32F4xx_HAL_Driver/Src/stm32f4xx_hal_tim_ex.c"
E:\code\STM32F4\02_ADC\SW4STM32\02_ADC\Debug
Building file: E:/code/STM32F4/02_ADC/Core/Src/main.c
E:\code\STM32F4\02_ADC\SW4STM32\02_ADC\Debug
arm-none-eabi-gcc -mcpu=cortex-m4 -mthumb -mfloat-abi=hard -mfpu=fpv4-sp-d16 -DUSE_HAL_DRIVER -DSTM32F411xE -I"E:/code/STM32F4/02_ADC/Core/Inc" -I"E:/code/STM32F4/02_ADC/Drivers/STM32F4xx_HAL_Driver/Inc" -I"E:/code/STM32F4/02_ADC/Drivers/STM32F4xx_HAL_Driver/Inc/Legacy" -I"E:/code/STM32F4/02_ADC/Drivers/CMSIS/Device/ST/STM32F4xx/Include" -I"E:/code/STM32F4/02_ADC/Drivers/CMSIS/Include"  -Og -g3 -Wall -fmessage-length=0 -ffunction-sections -c -fmessage-length=0 -MMD -MP -MF"Drivers/STM32F4xx_HAL_Driver/stm32f4xx_ll_adc.d" -MT"Drivers/STM32F4xx_HAL_Driver/stm32f4xx_ll_adc.o" -o "Drivers/STM32F4xx_HAL_Driver/stm32f4xx_ll_adc.o" "E:/code/STM32F4/02_ADC/Drivers/STM32F4xx_HAL_Driver/Src/stm32f4xx_ll_adc.c"
arm-none-eabi-gcc -mcpu=cortex-m4 -mthumb -mfloat-abi=hard -mfpu=fpv4-sp-d16 -DUSE_HAL_DRIVER -DSTM32F411xE -I"E:/code/STM32F4/02_ADC/Core/Inc" -I"E:/code/STM32F4/02_ADC/Drivers/STM32F4xx_HAL_Driver/Inc" -I"E:/code/STM32F4/02_ADC/Drivers/STM32F4xx_HAL_Driver/Inc/Legacy" -I"E:/code/STM32F4/02_ADC/Drivers/CMSIS/Device/ST/STM32F4xx/Include" -I"E:/code/STM32F4/02_ADC/Drivers/CMSIS/Include"  -Og -g3 -Wall -fmessage-length=0 -ffunction-sections -c -fmessage-length=0 -MMD -MP -MF"Drivers/CMSIS/system_stm32f4xx.d" -MT"Drivers/CMSIS/system_stm32f4xx.o" -o "Drivers/CMSIS/system_stm32f4xx.o" "E:/code/STM32F4/02_ADC/Core/Src/system_stm32f4xx.c"
Invoking: MCU GCC Compiler
E:\code\STM32F4\02_ADC\SW4STM32\02_ADC\Debug
arm-none-eabi-gcc -mcpu=cortex-m4 -mthumb -mfloat-abi=hard -mfpu=fpv4-sp-d16 -DUSE_HAL_DRIVER -DSTM32F411xE -I"E:/code/STM32F4/02_ADC/Core/Inc" -I"E:/code/STM32F4/02_ADC/Drivers/STM32F4xx_HAL_Driver/Inc" -I"E:/code/STM32F4/02_ADC/Drivers/STM32F4xx_HAL_Driver/Inc/Legacy" -I"E:/code/STM32F4/02_ADC/Drivers/CMSIS/Device/ST/STM32F4xx/Include" -I"E:/code/STM32F4/02_ADC/Drivers/CMSIS/Include"  -Og -g3 -Wall -fmessage-length=0 -ffunction-sections -c -fmessage-length=0 -MMD -MP -MF"Application/User/Core/main.d" -MT"Application/User/Core/main.o" -o "Application/User/Core/main.o" "E:/code/STM32F4/02_ADC/Core/Src/main.c"
Finished building: E:/code/STM32F4/02_ADC/Drivers/STM32F4xx_HAL_Driver/Src/stm32f4xx_ll_adc.c
 
Building file: E:/code/STM32F4/02_ADC/Core/Src/stm32f4xx_hal_msp.c
Invoking: MCU GCC Compiler
E:\code\STM32F4\02_ADC\SW4STM32\02_ADC\Debug
arm-none-eabi-gcc -mcpu=cortex-m4 -mthumb -mfloat-abi=hard -mfpu=fpv4-sp-d16 -DUSE_HAL_DRIVER -DSTM32F411xE -I"E:/code/STM32F4/02_ADC/Core/Inc" -I"E:/code/STM32F4/02_ADC/Drivers/STM32F4xx_HAL_Driver/Inc" -I"E:/code/STM32F4/02_ADC/Drivers/STM32F4xx_HAL_Driver/Inc/Legacy" -I"E:/code/STM32F4/02_ADC/Drivers/CMSIS/Device/ST/STM32F4xx/Include" -I"E:/code/STM32F4/02_ADC/Drivers/CMSIS/Include"  -Og -g3 -Wall -fmessage-length=0 -ffunction-sections -c -fmessage-length=0 -MMD -MP -MF"Application/User/Core/stm32f4xx_hal_msp.d" -MT"Application/User/Core/stm32f4xx_hal_msp.o" -o "Application/User/Core/stm32f4xx_hal_msp.o" "E:/code/STM32F4/02_ADC/Core/Src/stm32f4xx_hal_msp.c"
Finished building: E:/code/STM32F4/02_ADC/Core/Src/system_stm32f4xx.c
Finished building: E:/code/STM32F4/02_ADC/Drivers/STM32F4xx_HAL_Driver/Src/stm32f4xx_hal_tim_ex.c
 
 
Building file: E:/code/STM32F4/02_ADC/Core/Src/stm32f4xx_it.c
Building file: E:/code/STM32F4/02_ADC/SW4STM32/startup_stm32f411xe.s
Invoking: MCU GCC Compiler
Invoking: MCU GCC Assembler
E:\code\STM32F4\02_ADC\SW4STM32\02_ADC\Debug
arm-none-eabi-gcc -mcpu=cortex-m4 -mthumb -mfloat-abi=hard -mfpu=fpv4-sp-d16 -DUSE_HAL_DRIVER -DSTM32F411xE -I"E:/code/STM32F4/02_ADC/Core/Inc" -I"E:/code/STM32F4/02_ADC/Drivers/STM32F4xx_HAL_Driver/Inc" -I"E:/code/STM32F4/02_ADC/Drivers/STM32F4xx_HAL_Driver/Inc/Legacy" -I"E:/code/STM32F4/02_ADC/Drivers/CMSIS/Device/ST/STM32F4xx/Include" -I"E:/code/STM32F4/02_ADC/Drivers/CMSIS/Include"  -Og -g3 -Wall -fmessage-length=0 -ffunction-sections -c -fmessage-length=0 -MMD -MP -MF"Application/User/Core/stm32f4xx_it.d" -MT"Application/User/Core/stm32f4xx_it.o" -o "Application/User/Core/stm32f4xx_it.o" "E:/code/STM32F4/02_ADC/Core/Src/stm32f4xx_it.c"
Finished building: E:/code/STM32F4/02_ADC/Core/Src/main.c
E:\code\STM32F4\02_ADC\SW4STM32\02_ADC\Debug
 
arm-none-eabi-as -mcpu=cortex-m4 -mthumb -mfloat-abi=hard -mfpu=fpv4-sp-d16 -g -o "Application/SW4STM32/startup_stm32f411xe.o" "E:/code/STM32F4/02_ADC/SW4STM32/startup_stm32f411xe.s"
Building file: E:/code/STM32F4/02_ADC/SW4STM32/syscalls.c
Invoking: MCU GCC Compiler
E:\code\STM32F4\02_ADC\SW4STM32\02_ADC\Debug
arm-none-eabi-gcc -mcpu=cortex-m4 -mthumb -mfloat-abi=hard -mfpu=fpv4-sp-d16 -DUSE_HAL_DRIVER -DSTM32F411xE -I"E:/code/STM32F4/02_ADC/Core/Inc" -I"E:/code/STM32F4/02_ADC/Drivers/STM32F4xx_HAL_Driver/Inc" -I"E:/code/STM32F4/02_ADC/Drivers/STM32F4xx_HAL_Driver/Inc/Legacy" -I"E:/code/STM32F4/02_ADC/Drivers/CMSIS/Device/ST/STM32F4xx/Include" -I"E:/code/STM32F4/02_ADC/Drivers/CMSIS/Include"  -Og -g3 -Wall -fmessage-length=0 -ffunction-sections -c -fmessage-length=0 -MMD -MP -MF"Application/SW4STM32/syscalls.d" -MT"Application/SW4STM32/syscalls.o" -o "Application/SW4STM32/syscalls.o" "E:/code/STM32F4/02_ADC/SW4STM32/syscalls.c"
Finished building: E:/code/STM32F4/02_ADC/SW4STM32/startup_stm32f411xe.s
 
Finished building: E:/code/STM32F4/02_ADC/Core/Src/stm32f4xx_hal_msp.c
 
Finished building: E:/code/STM32F4/02_ADC/SW4STM32/syscalls.c
 
Finished building: E:/code/STM32F4/02_ADC/Core/Src/stm32f4xx_it.c
 
Building target: 02_ADC.elf
Invoking: MCU GCC Linker
arm-none-eabi-gcc -mcpu=cortex-m4 -mthumb -mfloat-abi=hard -mfpu=fpv4-sp-d16 -specs=nosys.specs -specs=nano.specs -T"../STM32F411VETx_FLASH.ld" -Wl,-Map=output.map -Wl,--gc-sections -o "02_ADC.elf" @"objects.list"   -lm
Finished building target: 02_ADC.elf
 
make --no-print-directory post-build
Generating hex and Printing size information:
arm-none-eabi-objcopy -O ihex 02_ADC.elf 02_ADC.hex
arm-none-eabi-size 02_ADC.elf
   text	   data	    bss	    dec	    hex	filename
   5172	     20	   1652	   6844	   1abc	02_ADC.elf
arm-none-eabi-objcopy -O binary 02_ADC.elf 02_ADC.bin
 
